 xWolf3D

 Timestamp is 5ecdb7ba (Tue May 26 20:43:38 2020)

 Preferred load address is 00400000

 Start         Length     Name                   Class
 0001:00000000 0007c6c2H .text                   CODE
 0001:0007c6d0 00000204H .text$x                 CODE
 0001:0007c8e0 000000a0H .text$yc                CODE
 0001:0007c980 00000086H .text$yd                CODE
 0002:00000000 0000ce84H D3D                     CODE
 0002:0000ce88 000013efH D3D_RD                  CODE
 0002:0000e280 000038c8H D3D_URW                 CODE
 0003:00000000 00007158H DSOUND                  CODE
 0003:00007158 00000424H DSOUND_RD               CODE
 0003:00007580 000006c0H DSOUND_RW               CODE
 0003:00007c40 000001d4H DSOUND_URW              CODE
 0004:00000000 00000004H .XID$A                  CODE
 0004:00000004 00000004H .XID$Gamepad            CODE
 0004:00000008 00000004H .XID$IrRemote           CODE
 0004:0000000c 00000004H .XID$Keyboard           CODE
 0004:00000010 00000004H .XID$Mouse              CODE
 0004:00000014 00000004H .XID$ZZZ                CODE
 0004:00000018 00000004H .XPP$ClassA             CODE
 0004:0000001c 00000008H .XPP$ClassXID           CODE
 0004:00000024 00000004H .XPP$ClassZZHub         CODE
 0004:00000028 00000004H .XPP$ClassZZZ           CODE
 0004:0000002c 00000001H .XPP$DATA               CODE
 0004:00000030 000002b4H .XPP$Data               CODE
 0004:000002e4 00000cccH .XPPCINIT               CODE
 0004:00000fb0 00005c12H .XPPCODE                CODE
 0005:00000000 000001c0H .idata$5                DATA
 0005:000001c0 0001555cH .rdata                  DATA
 0005:0001571c 000004e8H .xdata$x                DATA
 0005:00015c04 00000000H .edata                  DATA
 0006:00000000 00000004H .CRT$RIA                DATA
 0006:00000004 00000004H .CRT$RII10              DATA
 0006:00000008 00000004H .CRT$RII20              DATA
 0006:0000000c 00000004H .CRT$RIZ                DATA
 0006:00000010 00000004H .CRT$XCA                DATA
 0006:00000014 00000004H .CRT$XCAA               DATA
 0006:00000018 0000000cH .CRT$XCC                DATA
 0006:00000024 00000024H .CRT$XCU                DATA
 0006:00000048 00000004H .CRT$XCZ                DATA
 0006:0000004c 00000004H .CRT$XIA                DATA
 0006:00000050 0000000cH .CRT$XIC                DATA
 0006:0000005c 00000004H .CRT$XIY                DATA
 0006:00000060 00000004H .CRT$XIZ                DATA
 0006:00000064 00000004H .CRT$XPA                DATA
 0006:00000068 00000004H .CRT$XPX                DATA
 0006:0000006c 00000004H .CRT$XPZ                DATA
 0006:00000070 00000004H .CRT$XTA                DATA
 0006:00000074 00000004H .CRT$XTB                DATA
 0006:00000078 00000004H .CRT$XTZ                DATA
 0006:0000007c 00000004H .XAPI$LNA               DATA
 0006:00000080 00000004H .XAPI$LNZ               DATA
 0006:00000090 0002ca50H .data                   DATA
 0006:0002cae0 0005f618H .bss                    DATA
 0007:00000000 00007180H DOLBY                   DATA
 0008:00000000 00000014H .idata$2                CODE
 0008:00000014 00000014H .idata$3                CODE
 0008:00000028 000001c0H .idata$4                CODE
 0008:000001e8 0000000eH .idata$6                CODE
 0009:00000000 00000010H .XBLD$A                 DATA
 0009:00000010 00000070H .XBLD$V                 DATA
 000a:00000000 00000001H .tls                    DATA
 000a:00000008 00000088H .tls$                   DATA
 000a:00000090 00000001H .tls$ZZZ                DATA

  Address         Publics by Value              Rva+Base     Lib:Object

 0000:00000000       ___safe_se_handler_count   00000000     <absolute>
 0000:00000000       ___safe_se_handler_table   00000000     <absolute>
 0000:00000000       __except_list              00000000     <absolute>
 0000:00000004       __tls_array                00000004     <absolute>
 0001:00000000       ?OPL_STATUS_RESET@@YAXPAUfm_opl_f@@H@Z 004003a0 f i fmopl.obj
 0001:00000050       ?OPL_STATUSMASK_SET@@YAXPAUfm_opl_f@@H@Z 004003f0 f i fmopl.obj
 0001:000000d0       ?advance_lfo@@YAXPAUfm_opl_f@@@Z 00400470 f i fmopl.obj
 0001:00000160       ?advance@@YAXPAUfm_opl_f@@@Z 00400500 f i fmopl.obj
 0001:00000500       ?op_calc@@YAHIIHI@Z        004008a0 f i fmopl.obj
 0001:00000550       ?OPL_CALC_CH@@YAXPAUOPL_CH@@@Z 004008f0 f i fmopl.obj
 0001:00000650       ?OPL_CALC_RH@@YAXPAUOPL_CH@@I@Z 004009f0 f i fmopl.obj
 0001:00000bd0       ?FM_KEYON@@YAXPAUOPL_SLOT@@I@Z 00400f70 f i fmopl.obj
 0001:00000bf0       ?FM_KEYOFF@@YAXPAUOPL_SLOT@@I@Z 00400f90 f i fmopl.obj
 0001:00000c20       ?CALC_FCSLOT@@YAXPAUOPL_CH@@PAUOPL_SLOT@@@Z 00400fc0 f i fmopl.obj
 0001:00000cb0       ?set_mul@@YAXPAUfm_opl_f@@HH@Z 00401050 f i fmopl.obj
 0001:00000d20       ?set_ksl_tl@@YAXPAUfm_opl_f@@HH@Z 004010c0 f i fmopl.obj
 0001:00000d80       ?set_ar_dr@@YAXPAUfm_opl_f@@HH@Z 00401120 f i fmopl.obj
 0001:00000e10       ?set_sl_rr@@YAXPAUfm_opl_f@@HH@Z 004011b0 f i fmopl.obj
 0001:00001620       ?YM3812Write@@YAHHHH@Z     004019c0 f   fmopl.obj
 0001:00001650       ?YM3812UpdateOne@@YAXHPAFH@Z 004019f0 f   fmopl.obj
 0001:000017b0       ?YM3812Init@@YAHHHH@Z      00401b50 f   fmopl.obj
 0001:00001820       ?CA_WriteFile@@YACPBDPAXH@Z 00401bc0 f   id_ca.obj
 0001:00001870       ?CA_LoadFile@@YACPBDPAPAX@Z 00401c10 f   id_ca.obj
 0001:00001980       ?CAL_CarmackExpand@@YAXPAEPAGH@Z 00401d20 f   id_ca.obj
 0001:00001a60       ?CA_RLEWexpand@@YAXPAG0HG@Z 00401e00 f   id_ca.obj
 0001:00001ae0       ?CA_Shutdown@@YAXXZ        00401e80 f   id_ca.obj
 0001:00001ba0       ?CA_CacheAudioChunk@@YAHH@Z 00401f40 f   id_ca.obj
 0001:00001c10       ?CA_CacheAdlibSoundChunk@@YAXH@Z 00401fb0 f   id_ca.obj
 0001:00001d80       ?CA_LoadAllSounds@@YAXXZ   00402120 f   id_ca.obj
 0001:00001e40       ?CAL_ExpandGrChunk@@YAXHPAH@Z 004021e0 f   id_ca.obj
 0001:00001ec0       ?CA_CacheGrChunk@@YAXH@Z   00402260 f   id_ca.obj
 0001:00001fa0       ?CA_CacheScreen@@YAXH@Z    00402340 f   id_ca.obj
 0001:00002150       ?CA_CacheMap@@YAXH@Z       004024f0 f   id_ca.obj
 0001:00002290       ?CA_CannotOpen@@YAXPBD@Z   00402630 f   id_ca.obj
 0001:00002330       ?CAL_SetupGrFile@@YAXXZ    004026d0 f   id_ca.obj
 0001:00002620       ?CAL_SetupMapFile@@YAXXZ   004029c0 f   id_ca.obj
 0001:00002820       ?CAL_SetupAudioFile@@YAXXZ 00402bc0 f   id_ca.obj
 0001:00002920       ?CA_Startup@@YAXXZ         00402cc0 f   id_ca.obj
 0001:00002940       ?IN_GetJoyDelta@@YAXPAH000@Z 00402ce0 f   id_in.obj
 0001:00002a60       ?IN_JoyButtons@@YAHXZ      00402e00 f   id_in.obj
 0001:00002ab0       ?IN_JoyPresent@@YACXZ      00402e50 f   id_in.obj
 0001:00002d60       ?IN_WaitAndProcessEvents@@YAXXZ 00403100 f   id_in.obj
 0001:00002d90       ?IN_ProcessEvents@@YAXXZ   00403130 f   id_in.obj
 0001:00002dc0       ?IN_Shutdown@@YAXXZ        00403160 f   id_in.obj
 0001:00002df0       ?IN_ClearKeysDown@@YAXXZ   00403190 f   id_in.obj
 0001:00002e10       ?IN_ReadControl@@YAXHPAUCursorInfo@@@Z 004031b0 f   id_in.obj
 0001:00002f50       ?IN_MouseButtons@@YAHXZ    004032f0 f   id_in.obj
 0001:00002f90       ?IN_IsInputGrabbed@@YA_NXZ 00403330 f   id_in.obj
 0001:00002fa0       ?IN_CenterMouse@@YAXXZ     00403340 f   id_in.obj
 0001:00002fc0       ?IN_Startup@@YAXXZ         00403360 f   id_in.obj
 0001:000030b0       ?IN_StartAck@@YAXXZ        00403450 f   id_in.obj
 0001:00003150       ?IN_CheckAck@@YACXZ        004034f0 f   id_in.obj
 0001:00003240       ?IN_Ack@@YAXXZ             004035e0 f   id_in.obj
 0001:00003290       ?IN_UserInput@@YACI@Z      00403630 f   id_in.obj
 0001:00003320       ?PM_Startup@@YAXXZ         004036c0 f   id_pm.obj
 0001:00003670       ?PM_Shutdown@@YAXXZ        00403a10 f   id_pm.obj
 0001:00003690       ?SD_StopDigitized@@YAXXZ   00403a30 f   id_sd.obj
 0001:000036e0       ?SD_SetPosition@@YAXHHH@Z  00403a80 f   id_sd.obj
 0001:00003750       ?GetSample@@YAFMPAEH@Z     00403af0 f   id_sd.obj
 0001:00003820       ?SD_PrepareSound@@YAXH@Z   00403bc0 f   id_sd.obj
 0001:00003a10       ?SD_PlayDigitized@@YAHGHH@Z 00403db0 f   id_sd.obj
 0001:00003ae0       ?SD_ChannelFinished@@YAXH@Z 00403e80 f   id_sd.obj
 0001:00003b00       ?SD_SetDigiDevice@@YAXW4SDSMode@@@Z 00403ea0 f   id_sd.obj
 0001:00003b30       ?SDL_SetupDigi@@YAXXZ      00403ed0 f   id_sd.obj
 0001:00003e80       ?SDL_IMFMusicPlayer@@YAXPAXPAEH@Z 00404220 f   id_sd.obj
 0001:00004070       ?SD_PositionSound@@YAXHH@Z 00404410 f   id_sd.obj
 0001:00004090       ?SD_PlaySound@@YACW4soundnames@@@Z 00404430 f   id_sd.obj
 0001:000041d0       ?SD_SoundPlaying@@YAGXZ    00404570 f   id_sd.obj
 0001:00004200       ?SD_StopSound@@YAXXZ       004045a0 f   id_sd.obj
 0001:00004250       ?SD_WaitSoundDone@@YAXXZ   004045f0 f   id_sd.obj
 0001:00004290       ?SD_MusicOn@@YAXXZ         00404630 f   id_sd.obj
 0001:000042a0       ?SD_MusicOff@@YAHXZ        00404640 f   id_sd.obj
 0001:00004300       ?SD_StartMusic@@YAXH@Z     004046a0 f   id_sd.obj
 0001:00004370       ?SD_ContinueMusic@@YAXHH@Z 00404710 f   id_sd.obj
 0001:00004450       ?SD_SetSoundMode@@YACW4SDMode@@@Z 004047f0 f   id_sd.obj
 0001:00004520       ?SD_SetMusicMode@@YACW4SMMode@@@Z 004048c0 f   id_sd.obj
 0001:00004580       ?SD_Startup@@YAXXZ         00404920 f   id_sd.obj
 0001:00004750       ?SD_Shutdown@@YAXXZ        00404af0 f   id_sd.obj
 0001:000047b0       ?US_Shutdown@@YAXXZ        00404b50 f   id_us_1.obj
 0001:000047d0       ?US_Print@@YAXPBD@Z        00404b70 f   id_us_1.obj
 0001:000048a0       ?US_PrintUnsigned@@YAXI@Z  00404c40 f   id_us_1.obj
 0001:000048e0       ?US_PrintSigned@@YAXH@Z    00404c80 f   id_us_1.obj
 0001:00004910       ?USL_PrintInCenter@@YAXPBDURect@@@Z 00404cb0 f   id_us_1.obj
 0001:00004980       ?US_PrintCentered@@YAXPBD@Z 00404d20 f   id_us_1.obj
 0001:000049d0       ?US_CPrintLine@@YAXPBD@Z   00404d70 f   id_us_1.obj
 0001:00004a50       ?US_CPrint@@YAXPBD@Z       00404df0 f   id_us_1.obj
 0001:00004ab0       ?US_DrawWindow@@YAXGGGG@Z  00404e50 f   id_us_1.obj
 0001:00004cf0       ?USL_RotateChar@@YADDH@Z   00405090 f   id_us_1.obj
 0001:00004d70       ?US_LineInput@@YACHHPADPBDCHH@Z 00405110 f   id_us_1.obj
 0001:00005450       ?US_InitRndT@@YAXH@Z       004057f0 f   id_us_1.obj
 0001:00005480       ?US_RndT@@YAHXZ            00405820 f   id_us_1.obj
 0001:000054a0       ?US_Startup@@YAXXZ         00405840 f   id_us_1.obj
 0001:000054d0       ?VWB_DrawPropString@@YAXPBD@Z 00405870 f   id_vh.obj
 0001:00005620       ?VL_MungePic@@YAXPAEII@Z   004059c0 f   id_vh.obj
 0001:000056e0       ?VWL_MeasureString@@YAXPBDPAG1PAUfontstruct@@@Z 00405a80 f   id_vh.obj
 0001:00005730       ?VW_MeasurePropString@@YAXPBDPAG1@Z 00405ad0 f   id_vh.obj
 0001:00005760       ?VH_UpdateScreen@@YAXXZ    00405b00 f   id_vh.obj
 0001:00005790       ?VWB_DrawTile8@@YAXHHH@Z   00405b30 f   id_vh.obj
 0001:000057d0       ?VWB_DrawPic@@YAXHHH@Z     00405b70 f   id_vh.obj
 0001:00005820       ?VWB_DrawPicScaledCoord@@YAXHHH@Z 00405bc0 f   id_vh.obj
 0001:00005860       ?VWB_Bar@@YAXHHHHH@Z       00405c00 f   id_vh.obj
 0001:000058a0       ?VWB_Hlin@@YAXHHHH@Z       00405c40 f   id_vh.obj
 0001:00005900       ?VWB_Vlin@@YAXHHHH@Z       00405ca0 f   id_vh.obj
 0001:00005960       ?LatchDrawPic@@YAXIII@Z    00405d00 f   id_vh.obj
 0001:000059a0       ?LatchDrawPicScaledCoord@@YAXIII@Z 00405d40 f   id_vh.obj
 0001:000059e0       ?LoadLatchMem@@YAXXZ       00405d80 f   id_vh.obj
 0001:00005b50       ?VH_Startup@@YAXXZ         00405ef0 f   id_vh.obj
 0001:00005bd0       ?FizzleFade@@YACPAUSDL_Surface@@HHIIIC@Z 00405f70 f   id_vh.obj
 0001:00005ed0       ?VL_SetVGAPlaneMode@@YAXXZ 00406270 f   id_vl.obj
 0001:000060e0       ?VL_ConvertPalette@@YAXPAEPAUSDL_Color@@H@Z 00406480 f   id_vl.obj
 0001:00006170       ?VL_SetPalette@@YAXPAUSDL_Color@@_N@Z 00406510 f   id_vl.obj
 0001:000061f0       ?VL_FadeIn@@YAXHHPAUSDL_Color@@H@Z 00406590 f   id_vl.obj
 0001:00006400       ?VL_LockSurface@@YAPAEPAUSDL_Surface@@@Z 004067a0 f   id_vl.obj
 0001:00006430       ?VL_UnlockSurface@@YAXPAUSDL_Surface@@@Z 004067d0 f   id_vl.obj
 0001:00006450       ?VL_Hlin@@YAXIIIH@Z        004067f0 f   id_vl.obj
 0001:000064d0       ?VL_Vlin@@YAXHHHH@Z        00406870 f   id_vl.obj
 0001:00006540       ?VL_BarScaledCoord@@YAXHHHHH@Z 004068e0 f   id_vl.obj
 0001:000065d0       ?VL_MemToLatch@@YAXPAEHHPAUSDL_Surface@@HH@Z 00406970 f   id_vl.obj
 0001:00006690       ?VL_MemToScreenScaledCoord@@YAXPAEHHHH@Z 00406a30 f   id_vl.obj
 0001:000067d0       ?VL_MemToScreenScaledCoord@@YAXPAEHHHHHHHH@Z 00406b70 f   id_vl.obj
 0001:00006920       ?VL_LatchToScreenScaledCoord@@YAXPAUSDL_Surface@@HHHHHH@Z 00406cc0 f   id_vl.obj
 0001:00006c30       ?VL_FillPalette@@YAXHHH@Z  00406fd0 f   id_vl.obj
 0001:00006cf0       ?VL_FadeOut@@YAXHHHHHH@Z   00407090 f   id_vl.obj
 0001:00006ee0       ?InitStaticList@@YAXXZ     00407280 f   wl_act1.obj
 0001:00006ef0       ?SpawnStatic@@YAXHHH@Z     00407290 f   wl_act1.obj
 0001:00007000       ?PlaceItemType@@YAXHHH@Z   004073a0 f   wl_act1.obj
 0001:000070b0       ?RecursiveConnect@@YAXH@Z  00407450 f   wl_act1.obj
 0001:000070f0       ?ConnectAreas@@YAXXZ       00407490 f   wl_act1.obj
 0001:00007140       ?InitAreas@@YAXXZ          004074e0 f   wl_act1.obj
 0001:00007190       ?InitDoorList@@YAXXZ       00407530 f   wl_act1.obj
 0001:000071f0       ?SpawnDoor@@YAXHHCH@Z      00407590 f   wl_act1.obj
 0001:00007300       ?OpenDoor@@YAXH@Z          004076a0 f   wl_act1.obj
 0001:00007330       ?CloseDoor@@YAXH@Z         004076d0 f   wl_act1.obj
 0001:000074c0       ?OperateDoor@@YAXH@Z       00407860 f   wl_act1.obj
 0001:00007540       ?DoorOpening@@YAXH@Z       004078e0 f   wl_act1.obj
 0001:00007680       ?DoorClosing@@YAXH@Z       00407a20 f   wl_act1.obj
 0001:000077a0       ?MoveDoors@@YAXXZ          00407b40 f   wl_act1.obj
 0001:00007810       ?PushWall@@YAXHHH@Z        00407bb0 f   wl_act1.obj
 0001:00007930       ?MovePWalls@@YAXXZ         00407cd0 f   wl_act1.obj
 0001:00007ae0       ?A_Smoke@@YAXPAUobjstruct@@@Z 00407e80 f   wl_act2.obj
 0001:00007b70       ?ProjectileTryMove@@YACPAUobjstruct@@@Z 00407f10 f   wl_act2.obj
 0001:00007bf0       ?T_Projectile@@YAXPAUobjstruct@@@Z 00407f90 f   wl_act2.obj
 0001:00007de0       ?SpawnStand@@YAXW4enemy_t@@HHH@Z 00408180 f   wl_act2.obj
 0001:00007f50       ?SpawnDeadGuard@@YAXHH@Z   004082f0 f   wl_act2.obj
 0001:00007fb0       ?SpawnPatrol@@YAXW4enemy_t@@HHH@Z 00408350 f   wl_act2.obj
 0001:00008120       ?A_DeathScream@@YAXPAUobjstruct@@@Z 004084c0 f   wl_act2.obj
 0001:00008300       ?SpawnTrans@@YAXHH@Z       004086a0 f   wl_act2.obj
 0001:00008380       ?SpawnUber@@YAXHH@Z        00408720 f   wl_act2.obj
 0001:00008400       ?SpawnWill@@YAXHH@Z        004087a0 f   wl_act2.obj
 0001:00008480       ?T_Will@@YAXPAUobjstruct@@@Z 00408820 f   wl_act2.obj
 0001:00008640       ?SpawnDeath@@YAXHH@Z       004089e0 f   wl_act2.obj
 0001:000086c0       ?A_Slurpie@@YAXPAUobjstruct@@@Z 00408a60 f   wl_act2.obj
 0001:000086d0       ?A_Breathing@@YAXPAUobjstruct@@@Z 00408a70 f   wl_act2.obj
 0001:000086e0       ?SpawnAngel@@YAXHH@Z       00408a80 f   wl_act2.obj
 0001:00008760       ?A_Victory@@YAXPAUobjstruct@@@Z 00408b00 f   wl_act2.obj
 0001:00008770       ?A_StartAttack@@YAXPAUobjstruct@@@Z 00408b10 f   wl_act2.obj
 0001:00008780       ?A_Relaunch@@YAXPAUobjstruct@@@Z 00408b20 f   wl_act2.obj
 0001:000087c0       ?SpawnSpectre@@YAXHH@Z     00408b60 f   wl_act2.obj
 0001:00008820       ?A_Dormant@@YAXPAUobjstruct@@@Z 00408bc0 f   wl_act2.obj
 0001:00008900       ?T_Stand@@YAXPAUobjstruct@@@Z 00408ca0 f   wl_act2.obj
 0001:00008910       ?T_Chase@@YAXPAUobjstruct@@@Z 00408cb0 f   wl_act2.obj
 0001:00008c00       ?T_Ghosts@@YAXPAUobjstruct@@@Z 00408fa0 f   wl_act2.obj
 0001:00008c80       ?T_DogChase@@YAXPAUobjstruct@@@Z 00409020 f   wl_act2.obj
 0001:00008d50       ?SelectPathDir@@YAXPAUobjstruct@@@Z 004090f0 f   wl_act2.obj
 0001:00008da0       ?T_Path@@YAXPAUobjstruct@@@Z 00409140 f   wl_act2.obj
 0001:00008f00       ?T_Shoot@@YAXPAUobjstruct@@@Z 004092a0 f   wl_act2.obj
 0001:00009030       ?T_Bite@@YAXPAUobjstruct@@@Z 004093d0 f   wl_act2.obj
 0001:000090a0       ?T_UShoot@@YAXPAUobjstruct@@@Z 00409440 f   wl_act2.obj
 0001:00009100       ?T_Launch@@YAXPAUobjstruct@@@Z 004094a0 f   wl_act2.obj
 0001:000092a0       ?StatusDrawFace@@YAXI@Z    00409640 f   wl_agent.obj
 0001:000092e0       ?DrawFace@@YAXXZ           00409680 f   wl_agent.obj
 0001:000093b0       ?UpdateFace@@YAXXZ         00409750 f   wl_agent.obj
 0001:00009540       ?DrawHealth@@YAXXZ         004098e0 f   wl_agent.obj
 0001:00009570       ?TakeDamage@@YAXHPAUobjstruct@@@Z 00409910 f   wl_agent.obj
 0001:00009650       ?HealSelf@@YAXH@Z          004099f0 f   wl_agent.obj
 0001:000096a0       ?DrawLevel@@YAXXZ          00409a40 f   wl_agent.obj
 0001:000096f0       ?DrawLives@@YAXXZ          00409a90 f   wl_agent.obj
 0001:00009720       ?GiveExtraMan@@YAXXZ       00409ac0 f   wl_agent.obj
 0001:00009770       ?DrawScore@@YAXXZ          00409b10 f   wl_agent.obj
 0001:000097a0       ?GivePoints@@YAXH@Z        00409b40 f   wl_agent.obj
 0001:00009850       ?DrawWeapon@@YAXXZ         00409bf0 f   wl_agent.obj
 0001:000098a0       ?DrawKeys@@YAXXZ           00409c40 f   wl_agent.obj
 0001:00009940       ?DrawAmmo@@YAXXZ           00409ce0 f   wl_agent.obj
 0001:00009970       ?GiveAmmo@@YAXH@Z          00409d10 f   wl_agent.obj
 0001:000099e0       ?GiveKey@@YAXH@Z           00409d80 f   wl_agent.obj
 0001:00009a00       ?TryMove@@YACPAUobjstruct@@@Z 00409da0 f   wl_agent.obj
 0001:00009c40       ?ClipMove@@YAXPAUobjstruct@@HH@Z 00409fe0 f   wl_agent.obj
 0001:00009d40       ?Thrust@@YAXHH@Z           0040a0e0 f   wl_agent.obj
 0001:00009e60       ?Cmd_Fire@@YAXXZ           0040a200 f   wl_agent.obj
 0001:00009eb0       ?Cmd_Use@@YAXXZ            0040a250 f   wl_agent.obj
 0001:00009ff0       ?SpawnPlayer@@YAXHHH@Z     0040a390 f   wl_agent.obj
 0001:0000a0c0       ?KnifeAttack@@YAXPAUobjstruct@@@Z 0040a460 f   wl_agent.obj
 0001:0000a150       ?GunAttack@@YAXPAUobjstruct@@@Z 0040a4f0 f   wl_agent.obj
 0001:0000a290       ?VictorySpin@@YAXXZ        0040a630 f   wl_agent.obj
 0001:0000a320       ?CheckWeaponChange@@YAXXZ  0040a6c0 f   wl_agent.obj
 0001:0000a3f0       ?ControlMovement@@YAXPAUobjstruct@@@Z 0040a790 f   wl_agent.obj
 0001:0000a5e0       ?GiveWeapon@@YAXH@Z        0040a980 f   wl_agent.obj
 0001:0000a610       ?GetBonus@@YAXPAUstatstruct@@@Z 0040a9b0 f   wl_agent.obj
 0001:0000a940       ?T_Attack@@YAXPAUobjstruct@@@Z 0040ace0 f   wl_agent.obj
 0001:0000ab60       ?T_Player@@YAXPAUobjstruct@@@Z 0040af00 f   wl_agent.obj
 0001:0000abf0       ?CountObjects@@YAXXZ       0040af90 f   wl_debug.obj
 0001:0000ad00       ?PictureGrabber@@YAXXZ     0040b0a0 f   wl_debug.obj
 0001:0000adb0       ?BasicOverhead@@YAXXZ      0040b150 f   wl_debug.obj
 0001:0000af20       ?DebugKeys@@YAHXZ          0040b2c0 f   wl_debug.obj
 0001:0000b7d0       ?TransformActor@@YAXPAUobjstruct@@@Z 0040bb70 f   wl_draw.obj
 0001:0000b900       ?TransformTile@@YACHHPAF0@Z 0040bca0 f   wl_draw.obj
 0001:0000ba60       ?CalcHeight@@YAHXZ         0040be00 f   wl_draw.obj
 0001:0000bae0       ?ScalePost@@YAXXZ          0040be80 f   wl_draw.obj
 0001:0000bbb0       ?HitVertWall@@YAXXZ        0040bf50 f   wl_draw.obj
 0001:0000bd90       ?HitHorizWall@@YAXXZ       0040c130 f   wl_draw.obj
 0001:0000bf70       ?HitHorizDoor@@YAXXZ       0040c310 f   wl_draw.obj
 0001:0000c100       ?HitVertDoor@@YAXXZ        0040c4a0 f   wl_draw.obj
 0001:0000c290       ?VGAClearScreen@@YAXXZ     0040c630 f   wl_draw.obj
 0001:0000c350       ?CalcRotate@@YAHPAUobjstruct@@@Z 0040c6f0 f   wl_draw.obj
 0001:0000c410       ?ScaleShape@@YAXHHII@Z     0040c7b0 f   wl_draw.obj
 0001:0000c660       ?SimpleScaleShape@@YAXHHI@Z 0040ca00 f   wl_draw.obj
 0001:0000c8a0       ?DrawScaleds@@YAXXZ        0040cc40 f   wl_draw.obj
 0001:0000cb90       ?DrawPlayerWeapon@@YAXXZ   0040cf30 f   wl_draw.obj
 0001:0000cc00       ?CalcTics@@YAXXZ           0040cfa0 f   wl_draw.obj
 0001:0000ccb0       ?AsmRefresh@@YAXXZ         0040d050 f   wl_draw.obj
 0001:0000d9f0       ?WallRefresh@@YAXXZ        0040dd90 f   wl_draw.obj
 0001:0000da50       ?CalcViewVariables@@YAXXZ  0040ddf0 f   wl_draw.obj
 0001:0000db20       ?ThreeDRefresh@@YAXXZ      0040dec0 f   wl_draw.obj
 0001:0000dcd0       ?VL_ClearScreen@@YAXH@Z    0040e070 f i wl_game.obj
 0001:0000dcf0       ?SetSoundLoc@@YAXHH@Z      0040e090 f   wl_game.obj
 0001:0000de20       ?PlaySoundLocGlobal@@YAXGHH@Z 0040e1c0 f   wl_game.obj
 0001:0000de80       ?UpdateSoundLoc@@YAXXZ     0040e220 f   wl_game.obj
 0001:0000e300       ?SetupGameLevel@@YAXXZ     0040e6a0 f   wl_game.obj
 0001:0000e560       ?DrawPlayBorderSides@@YAXXZ 0040e900 f   wl_game.obj
 0001:0000e720       ?DrawStatusBorder@@YAXE@Z  0040eac0 f   wl_game.obj
 0001:0000e8c0       ?DrawPlayBorder@@YAXXZ     0040ec60 f   wl_game.obj
 0001:0000ea90       ?DrawPlayScreen@@YAXXZ     0040ee30 f   wl_game.obj
 0001:0000eaf0       ?ShowActStatus@@YAXXZ      0040ee90 f   wl_game.obj
 0001:0000eb90       ?StartDemoRecord@@YAXH@Z   0040ef30 f   wl_game.obj
 0001:0000ebf0       ?FinishDemoRecord@@YAXXZ   0040ef90 f   wl_game.obj
 0001:0000ece0       ?RecordDemo@@YAXXZ         0040f080 f   wl_game.obj
 0001:0000ee20       ?PlayDemo@@YAXH@Z          0040f1c0 f   wl_game.obj
 0001:0000ef20       ?Died@@YAXXZ               0040f2c0 f   wl_game.obj
 0001:0000f1b0       ?GameLoop@@YAXXZ           0040f550 f   wl_game.obj
 0001:0000f710       ?ClearSplitVWB@@YAXXZ      0040fab0 f   wl_inter.obj
 0001:0000f740       ?EndScreen@@YAXHH@Z        0040fae0 f   wl_inter.obj
 0001:0000f7e0       ?EndSpear@@YAXXZ           0040fb80 f   wl_inter.obj
 0001:0000f960       ?PG13@@YAXXZ               0040fd00 f   wl_inter.obj
 0001:0000fa00       ?Write@@YAXHHPBD@Z         0040fda0 f   wl_inter.obj
 0001:0000fb00       ?BJ_Breathe@@YAXXZ         0040fea0 f   wl_inter.obj
 0001:0000fb90       ?LevelCompleted@@YAXXZ     0040ff30 f   wl_inter.obj
 0001:00010820       ?PreloadUpdate@@YACII@Z    00410bc0 f   wl_inter.obj
 0001:000108f0       ?PreloadGraphics@@YAXXZ    00410c90 f   wl_inter.obj
 0001:00010a10       ?DrawHighScores@@YAXXZ     00410db0 f   wl_inter.obj
 0001:00010b80       ?CheckHighScore@@YAXHG@Z   00410f20 f   wl_inter.obj
 0001:00010d10       ?Victory@@YAXXZ            004110b0 f   wl_inter.obj
 0001:00011160       ?ReadConfig@@YAXXZ         00411500 f   wl_main.obj
 0001:00011450       ?WriteConfig@@YAXXZ        004117f0 f   wl_main.obj
 0001:000115e0       ?NewGame@@YAXHH@Z          00411980 f   wl_main.obj
 0001:00011650       ?SaveTheGame@@YACPAU_iobuf@@HH@Z 004119f0 f   wl_main.obj
 0001:00011c80       ?LoadTheGame@@YACPAU_iobuf@@HH@Z 00412020 f   wl_main.obj
 0001:000123b0       ?BuildTables@@YAXXZ        00412750 f   wl_main.obj
 0001:00012490       ?CalcProjection@@YAXH@Z    00412830 f   wl_main.obj
 0001:00012540       ?SetupWalls@@YAXXZ         004128e0 f   wl_main.obj
 0001:00012570       ?InitDigiMap@@YAXXZ        00412910 f   wl_main.obj
 0001:000125b0       ?DoJukebox@@YAXXZ          00412950 f   wl_main.obj
 0001:00012790       ?SetViewSize@@YACII@Z      00412b30 f   wl_main.obj
 0001:00012830       ?ShowViewSize@@YAXH@Z      00412bd0 f   wl_main.obj
 0001:00012920       ?NewViewSize@@YAXH@Z       00412cc0 f   wl_main.obj
 0001:000129d0       ?Quit@@YAXPBDZZ            00412d70 f   wl_main.obj
 0001:00012d50       ?CheckParameters@@YAXHQAPAD@Z 004130f0 f   wl_main.obj
 0001:000134f0       _main                      00413890 f   wl_main.obj
 0001:00013520       ?EnableEndGameMenuItem@@YAXXZ 004138c0 f   wl_menu.obj
 0001:00013550       ?DrawNewGameDiff@@YAXH@Z   004138f0 f   wl_menu.obj
 0001:00013570       ?PrintCustMouse@@YAXH@Z    00413910 f   wl_menu.obj
 0001:000135b0       ?DrawCustMouse@@YAXH@Z     00413950 f   wl_menu.obj
 0001:00013660       ?PrintCustJoy@@YAXH@Z      00413a00 f   wl_menu.obj
 0001:000136a0       ?DrawCustJoy@@YAXH@Z       00413a40 f   wl_menu.obj
 0001:00013750       ?DrawChangeView@@YAXH@Z    00413af0 f   wl_menu.obj
 0001:000137f0       ?IntroScreen@@YAXXZ        00413b90 f   wl_menu.obj
 0001:000138f0       ?ClearMScreen@@YAXXZ       00413c90 f   wl_menu.obj
 0001:00013900       ?CacheLump@@YAXHH@Z        00413ca0 f   wl_menu.obj
 0001:00013930       ?UnCacheLump@@YAXHH@Z      00413cd0 f   wl_menu.obj
 0001:00013970       ?SetupControlPanel@@YAXXZ  00413d10 f   wl_menu.obj
 0001:00013a00       ?SetupSaveGames@@YAXXZ     00413da0 f   wl_menu.obj
 0001:00013af0       ?ReadAnyControl@@YAXPAUCursorInfo@@@Z 00413e90 f   wl_menu.obj
 0001:00013c70       ?StartCPMusic@@YAHH@Z      00414010 f   wl_menu.obj
 0001:00013cd0       ?DrawStripes@@YAXH@Z       00414070 f   wl_menu.obj
 0001:00013d00       ?CheckForEpisodes@@YAXXZ   004140a0 f   wl_menu.obj
 0001:00013ea0       ?CP_ViewScores@@YAHH@Z     00414240 f   wl_menu.obj
 0001:00013f30       ?PrintLSEntry@@YAXHH@Z     004142d0 f   wl_menu.obj
 0001:00014010       ?PrintCustKeybd@@YAXH@Z    004143b0 f   wl_menu.obj
 0001:00014040       ?DrawCustKeybd@@YAXH@Z     004143e0 f   wl_menu.obj
 0001:000140b0       ?PrintCustKeys@@YAXH@Z     00414450 f   wl_menu.obj
 0001:000140e0       ?DrawCustKeys@@YAXH@Z      00414480 f   wl_menu.obj
 0001:00014150       ?DrawWindow@@YAXHHHHH@Z    004144f0 f   wl_menu.obj
 0001:000141c0       ?DrawGun@@YAXPAUCP_iteminfo@@PAUCP_itemtype@@HPAHHHP6AXH@Z@Z 00414560 f   wl_menu.obj
 0001:00014270       ?TicDelay@@YAXH@Z          00414610 f   wl_menu.obj
 0001:000142d0       ?DrawMenu@@YAXPAUCP_iteminfo@@PAUCP_itemtype@@@Z 00414670 f   wl_menu.obj
 0001:000143c0       ?WaitKeyUp@@YAXXZ          00414760 f   wl_menu.obj
 0001:00014450       ?Message@@YAXPBD@Z         004147f0 f   wl_menu.obj
 0001:000145f0       ?DrawMainMenu@@YAXXZ       00414990 f   wl_menu.obj
 0001:000146c0       ?DrawNewGame@@YAXXZ        00414a60 f   wl_menu.obj
 0001:00014770       ?DrawSoundMenu@@YAXXZ      00414b10 f   wl_menu.obj
 0001:00014940       ?DrawLSAction@@YAXH@Z      00414ce0 f   wl_menu.obj
 0001:00014a00       ?TrackWhichGame@@YAXH@Z    00414da0 f   wl_menu.obj
 0001:00014a30       ?DrawLoadSaveScreen@@YAXH@Z 00414dd0 f   wl_menu.obj
 0001:00014b00       ?DrawMouseSens@@YAXXZ      00414ea0 f   wl_menu.obj
 0001:00014c70       ?MouseSensitivity@@YAHH@Z  00415010 f   wl_menu.obj
 0001:00014ed0       ?DrawCtlScreen@@YAXXZ      00415270 f   wl_menu.obj
 0001:00015050       ?EnterCtrlData@@YAXHPAUCustomCtrls@@P6AXH@Z1H@Z 004153f0 f   wl_menu.obj
 0001:00015690       ?FixupCustom@@YAXH@Z       00415a30 f   wl_menu.obj
 0001:00015830       ?DrawCustomScreen@@YAXXZ   00415bd0 f   wl_menu.obj
 0001:00015b40       ?CP_ChangeView@@YAHH@Z     00415ee0 f   wl_menu.obj
 0001:00015cf0       ?HandleMenu@@YAHPAUCP_iteminfo@@PAUCP_itemtype@@P6AXH@Z@Z 00416090 f   wl_menu.obj
 0001:000162d0       ?Confirm@@YAHPBD@Z         00416670 f   wl_menu.obj
 0001:00016430       ?CP_EndGame@@YAHH@Z        004167d0 f   wl_menu.obj
 0001:000164a0       ?CP_NewGame@@YAHH@Z        00416840 f   wl_menu.obj
 0001:00016580       ?CP_Sound@@YAHH@Z          00416920 f   wl_menu.obj
 0001:00016750       ?CP_LoadGame@@YAHH@Z       00416af0 f   wl_menu.obj
 0001:000169c0       ?CP_SaveGame@@YAHH@Z       00416d60 f   wl_menu.obj
 0001:00016d50       ?CP_Control@@YAHH@Z        004170f0 f   wl_menu.obj
 0001:00016e60       ?DefineMouseBtns@@YAXXZ    00417200 f   wl_menu.obj
 0001:00016eb0       ?CP_Quit@@YAHH@Z           00417250 f   wl_menu.obj
 0001:00016f20       ?CP_CheckQuick@@YAHH@Z     004172c0 f   wl_menu.obj
 0001:00017350       ?CustomControls@@YAHH@Z    004176f0 f   wl_menu.obj
 0001:000174b0       ?US_ControlPanel@@YAXH@Z   00417850 f   wl_menu.obj
 0001:000178c0       ?PollKeyboardButtons@@YAXXZ 00417c60 f   wl_play.obj
 0001:000178f0       ?PollMouseButtons@@YAXXZ   00417c90 f   wl_play.obj
 0001:00017930       ?PollJoystickButtons@@YAXXZ 00417cd0 f   wl_play.obj
 0001:00017970       ?PollKeyboardMove@@YAXXZ   00417d10 f   wl_play.obj
 0001:000179e0       ?PollMouseMove@@YAXXZ      00417d80 f   wl_play.obj
 0001:00017a60       ?PollJoystickMove@@YAXXZ   00417e00 f   wl_play.obj
 0001:00017b30       ?PollControls@@YAXXZ       00417ed0 f   wl_play.obj
 0001:00017de0       ?CenterWindow@@YAXGG@Z     00418180 f   wl_play.obj
 0001:00017e20       ?GetNewActor@@YAXXZ        004181c0 f   wl_play.obj
 0001:00017ea0       ?RemoveObj@@YAXPAUobjstruct@@@Z 00418240 f   wl_play.obj
 0001:00017f10       ?StopMusic@@YAHXZ          004182b0 f   wl_play.obj
 0001:00017f50       ?StartMusic@@YAXXZ         004182f0 f   wl_play.obj
 0001:00017f90       ?ContinueMusic@@YAXH@Z     00418330 f   wl_play.obj
 0001:00017fd0       ?InitRedShifts@@YAXXZ      00418370 f   wl_play.obj
 0001:00018320       ?StartBonusFlash@@YAXXZ    004186c0 f   wl_play.obj
 0001:00018330       ?StartDamageFlash@@YAXH@Z  004186d0 f   wl_play.obj
 0001:00018350       ?UpdatePaletteShifts@@YAXXZ 004186f0 f   wl_play.obj
 0001:00018440       ?FinishPaletteShifts@@YAXXZ 004187e0 f   wl_play.obj
 0001:00018460       ?DoActor@@YAXPAUobjstruct@@@Z 00418800 f   wl_play.obj
 0001:000185b0       ?CheckKeys@@YAXXZ          00418950 f   wl_play.obj
 0001:00018a20       ?InitActorList@@YAXXZ      00418dc0 f   wl_play.obj
 0001:00018a70       ?PlayLoop@@YAXXZ           00418e10 f   wl_play.obj
 0001:00018c70       ?SpawnNewObj@@YAXIIPAUstatestruct@@@Z 00419010 f   wl_state.obj
 0001:00018d60       ?NewState@@YAXPAUobjstruct@@PAUstatestruct@@@Z 00419100 f   wl_state.obj
 0001:00018d80       ?TryWalk@@YACPAUobjstruct@@@Z 00419120 f   wl_state.obj
 0001:00019390       ?SelectDodgeDir@@YAXPAUobjstruct@@@Z 00419730 f   wl_state.obj
 0001:000194d0       ?SelectChaseDir@@YAXPAUobjstruct@@@Z 00419870 f   wl_state.obj
 0001:00019600       ?SelectRunDir@@YAXPAUobjstruct@@@Z 004199a0 f   wl_state.obj
 0001:000196e0       ?MoveObj@@YAXPAUobjstruct@@H@Z 00419a80 f   wl_state.obj
 0001:00019890       ?KillActor@@YAXPAUobjstruct@@@Z 00419c30 f   wl_state.obj
 0001:00019b00       ?CheckLine@@YACPAUobjstruct@@@Z 00419ea0 f   wl_state.obj
 0001:00019d70       ?CheckSight@@YACPAUobjstruct@@@Z 0041a110 f   wl_state.obj
 0001:00019ea0       ?FirstSighting@@YAXPAUobjstruct@@@Z 0041a240 f   wl_state.obj
 0001:0001a0d0       ?SightPlayer@@YACPAUobjstruct@@@Z 0041a470 f   wl_state.obj
 0001:0001a220       ?DamageActor@@YAXPAUobjstruct@@I@Z 0041a5c0 f   wl_state.obj
 0001:0001a360       _XboxSaveConfig            0041a700 f   xboxconfig.obj
 0001:0001a3e0       _xbox_renamer              0041a780 f   xboxmissing.obj
 0001:0001a470       _fopex                     0041a810 f   xboxmissing.obj
 0001:0001a490       _opex                      0041a830 f   xboxmissing.obj
 0001:0001a4c0       _unlinx                    0041a860 f   xboxmissing.obj
 0001:0001a4e0       _stax                      0041a880 f   xboxmissing.obj
 0001:0001a500       _exix                      0041a8a0 f   xboxmissing.obj
 0001:0001a510       _XFreeMem                  0041a8b0 f   xboxmissing.obj
 0001:0001a553       _XLaunchNewImageA@8        0041a8f3 f   xapilib:launch.obj
 0001:0001a595       _XWriteTitleInfoNoReboot@24 0041a935 f   xapilib:launch.obj
 0001:0001a676       _XWriteTitleInfoAndRebootA@20 0041aa16 f   xapilib:launch.obj
 0001:0001a6bd       _XapiDirectoryInformationToFindData@8 0041aa5d f   xapilib:filefind.obj
 0001:0001a729       _FindFirstFileA@8          0041aac9 f   xapilib:filefind.obj
 0001:0001a836       _OutputDebugStringA@4      0041abd6 f   xapilib:outputdebugstringa.obj
 0001:0001a868       _GlobalMemoryStatus@4      0041ac08 f   xapilib:virtual.obj
 0001:0001a8b7       _mainXapiStartup@4         0041ac57 f   xapilib:xapi0.obj
 0001:0001a92b       _mainCRTStartup            0041accb f   xapilib:xapi0.obj
 0001:0001a99d       _BuildUpdateFilePath@12    0041ad3d f   xapilib:bootutil.obj
 0001:0001a9e7       _XoUpdateLoadXBEInfo@8     0041ad87 f   xapilib:bootutil.obj
 0001:0001aab3       _XoUpdateGetSavedDataFromLaunchPage@12 0041ae53 f   xapilib:bootutil.obj
 0001:0001ab17       _XapipUpdateGetCurrentDDriveMapping@8 0041aeb7 f   xapilib:bootutil.obj
 0001:0001aba9       _XapipUpdateSaveDDriveMappingToLaunchPage@8 0041af49 f   xapilib:bootutil.obj
 0001:0001ac2a       _XapipUpdateDetectAndVerify@16 0041afca f   xapilib:bootutil.obj
 0001:0001adac       _XapipLaunchNewImageInternal@16 0041b14c f   xapilib:bootutil.obj
 0001:0001af2d       _XapipUpdateRebootIfNecessary@0 0041b2cd f   xapilib:bootutil.obj
 0001:0001b092       _lstrcpynA@12              0041b432 f   xapilib:lcompata.obj
 0001:0001b0f7       _GetLastError@0            0041b497 f   xapilib:error.obj
 0001:0001b11f       _SetLastError@4            0041b4bf f   xapilib:error.obj
 0001:0001b14d       _XapiSetLastNTError@4      0041b4ed f   xapilib:error.obj
 0001:0001b164       _XapiValidateDiskPartitionEx@8 0041b504 f   xapilib:xapiinit.obj
 0001:0001b1dc       _XapiCopySectionToFile@16  0041b57c f   xapilib:xapiinit.obj
 0001:0001b2c3       _XapiMapLetterToDirectory@24 0041b663 f   xapilib:xapiinit.obj
 0001:0001b5f7       _XapiSetupPerTitleDriveLetters@8 0041b997 f   xapilib:xapiinit.obj
 0001:0001b64c       _XapiBootToDash@12         0041b9ec f   xapilib:xapiinit.obj
 0001:0001b6b1       _XapiValidateDiskPartition@4 0041ba51 f   xapilib:xapiinit.obj
 0001:0001b6c2       _XapiInitProcess@0         0041ba62 f   xapilib:xapiinit.obj
 0001:0001b831       __cinit@0                  0041bbd1 f   xapilib:xapi0dat.obj
 0001:0001b889       __rtinit@0                 0041bc29 f   xapilib:xapi0dat.obj
 0001:0001b8b2       _XapiRestrictCodeSelectorLimit@0 0041bc52 f   xapilib:krnlptch.obj
 0001:0001b916       _XapiApplyKernelPatches@0  0041bcb6 f   xapilib:krnlptch.obj
 0001:0001b9dc       _CloseHandle@4             0041bd7c f   xapilib:handle.obj
 0001:0001b9fa       _XapiCallThreadNotifyRoutines@4 0041bd9a f   xapilib:thread.obj
 0001:0001ba32       _SetThreadPriority@8       0041bdd2 f   xapilib:thread.obj
 0001:0001ba84       _RaiseException@16         0041be24 f   xapilib:thread.obj
 0001:0001bada       _SetUnhandledExceptionFilter@4 0041be7a f   xapilib:thread.obj
 0001:0001baec       _XRegisterThreadNotifyRoutine@8 0041be8c f   xapilib:thread.obj
 0001:0001bb35       _UnhandledExceptionFilter@4 0041bed5 f   xapilib:thread.obj
 0001:0001bb71       _XapiThreadStartup@8       0041bf11 f   xapilib:thread.obj
 0001:0001bc09       _CreateThread@24           0041bfa9 f   xapilib:thread.obj
 0001:0001bc77       _GetCurrentThreadId@0      0041c017 f   xapilib:thread.obj
 0001:0001bc84       _ReadFile@20               0041c024 f   xapilib:filehops.obj
 0001:0001bd71       _WriteFile@20              0041c111 f   xapilib:filehops.obj
 0001:0001be47       _SetEndOfFile@4            0041c1e7 f   xapilib:filehops.obj
 0001:0001becb       _SetFilePointer@16         0041c26b f   xapilib:filehops.obj
 0001:0001bfc5       _SetFilePointerEx@20       0041c365 f   xapilib:filehops.obj
 0001:0001c08d       _FlushFileBuffers@4        0041c42d f   xapilib:filehops.obj
 0001:0001c0b4       _DeviceIoControl@32        0041c454 f   xapilib:filehops.obj
 0001:0001c1b2       _CreateFileA@28            0041c552 f   xapilib:fileopcr.obj
 0001:0001c33d       _XComputeContentSignatureKey@8 0041c6dd f   xapilib:contsig.obj
 0001:0001c35c       _XapiComputeContentHeaderSignature@16 0041c6fc f   xapilib:contsig.obj
 0001:0001c441       _XapiLoadContentMetadataHeader@16 0041c7e1 f   xapilib:contsig.obj
 0001:0001c522       _XapiFormatObjectAttributes@12 0041c8c2 f   xapilib:support.obj
 0001:0001c54a       _XapiFormatTimeOut@8       0041c8ea f   xapilib:support.obj
 0001:0001c578       _CreateSemaphoreA@16       0041c918 f   xapilib:synch.obj
 0001:0001c5d3       _ReleaseSemaphore@12       0041c973 f   xapilib:synch.obj
 0001:0001c5f9       _CreateMutexA@12           0041c999 f   xapilib:synch.obj
 0001:0001c651       _ReleaseMutex@4            0041c9f1 f   xapilib:synch.obj
 0001:0001c671       _WaitForSingleObjectEx@12  0041ca11 f   xapilib:synch.obj
 0001:0001c6b5       _SleepEx@8                 0041ca55 f   xapilib:synch.obj
 0001:0001c707       _WaitForSingleObject@8     0041caa7 f   xapilib:synch.obj
 0001:0001c719       _Sleep@4                   0041cab9 f   xapilib:synch.obj
 0001:0001c727       _XGetSectionHandleA@4      0041cac7 f   xapilib:xemodule.obj
 0001:0001c78e       _XLoadSectionByHandle@4    0041cb2e f   xapilib:xemodule.obj
 0001:0001c7af       _XFreeSectionByHandle@4    0041cb4f f   xapilib:xemodule.obj
 0001:0001c7cd       _XGetSectionSize@4         0041cb6d f   xapilib:xemodule.obj
 0001:0001c7d7       _XGetParentalControlSetting@0 0041cb77 f   xapilib:xgetparentalcontrolsetting.obj
 0001:0001c7fc       _GetDiskFreeSpaceExA@16    0041cb9c f   xapilib:pathmisc.obj
 0001:0001c8f0       _XapiSelectCachePartition@12 0041cc90 f   xapilib:pathmisc.obj
 0001:0001cb3b       _XMountUtilityDrive@4      0041cedb f   xapilib:pathmisc.obj
 0001:0001cc40       _HeapFree@12               0041cfe0 f   xapilib:xapiheap.obj
 0001:0001cc57       _GetProcessHeap@0          0041cff7 f   xapilib:xapiheap.obj
 0001:0001cc5d       _LocalAlloc@8              0041cffd f   xapilib:xapiheap.obj
 0001:0001cc7a       _LocalFree@4               0041d01a f   xapilib:xapiheap.obj
 0001:0001cc98       _RtlpCreateUnCommittedRange@4 0041d038 f   xapilib:heap.obj
 0001:0001cdb8       _RtlpDestroyUnCommittedRange@8 0041d158 f   xapilib:heap.obj
 0001:0001cdd9       _RtlpInsertUnCommittedPages@12 0041d179 f   xapilib:heap.obj
 0001:0001ce6c       _RtlpFindAndCommitPages@16 0041d20c f   xapilib:heap.obj
 0001:0001cff7       _RtlpCoalesceFreeBlocks@16 0041d397 f   xapilib:heap.obj
 0001:0001d29c       _RtlpInsertFreeBlock@12    0041d63c f   xapilib:heap.obj
 0001:0001d396       _RtlpGetExtraStuffPointer@4 0041d736 f   xapilib:heap.obj
 0001:0001d3b2       _RtlpGrowBlockInPlace@20   0041d752 f   xapilib:heap.obj
 0001:0001d7b0       _RtlSizeHeap@12            0041db50 f   xapilib:heap.obj
 0001:0001d7df       _RtlpInitializeHeapSegment@28 0041db7f f   xapilib:heap.obj
 0001:0001d8fd       _RtlpExtendHeap@8          0041dc9d f   xapilib:heap.obj
 0001:0001da84       _RtlpDeCommitFreeBlock@12  0041de24 f   xapilib:heap.obj
 0001:0001dd2e       _RtlCreateHeap@24          0041e0ce f   xapilib:heap.obj
 0001:0001e152       _RtlAllocateHeap@12        0041e4f2 f   xapilib:heap.obj
 0001:0001e8cd       _RtlFreeHeap@12            0041ec6d f   xapilib:heap.obj
 0001:0001eac1       _RtlReAllocateHeap@16      0041ee61 f   xapilib:heap.obj
 0001:0001f1ef       _XAutoPowerDownResetTimer@0 0041f58f f   xapilib:powerdwn.obj
 0001:0001f20a       _XapiAutoPowerDownTimeout@16 0041f5aa f   xapilib:powerdwn.obj
 0001:0001f21c       _XapiInitAutoPowerDown@0   0041f5bc f   xapilib:powerdwn.obj
 0001:0001f290       _XapiShutdownChannelStartNextPacket@0 0041f630 f   xapilib:xapiterm.obj
 0001:0001f2a9       _XapiShutdownChannelStartPacket@8 0041f649 f   xapilib:xapiterm.obj
 0001:0001f2ac       _XapiShutdownNotification@4 0041f64c f   xapilib:xapiterm.obj
 0001:0001f304       _XapiChangeCodeSelectorLimit@8 0041f6a4 f   xapilib:xapidlla.obj
 0001:0001f329       _XShaHmacInitialize@12     0041f6c9 f   xapilib:xcalcsig.obj
 0001:0001f38b       _XShaHmacUpdate@12         0041f72b f   xapilib:xcalcsig.obj
 0001:0001f390       _XShaHmacComputeFinal@16   0041f730 f   xapilib:xcalcsig.obj
 0001:0001f402       _XMemAlloc@8               0041f7a2 f   xapilib:xmem.obj
 0001:0001f4a2       _XMemFree@8                0041f842 f   xapilib:xmem.obj
 0001:0001f4bc       _DeleteFileA@4             0041f85c f   xapilib:filemisc.obj
 0001:0001f54a       _XapiFormatFATVolumeEx@8   0041f8ea f   xapilib:format.obj
 0001:0001f870       @RtlFindFirstSetRightMember@4 0041fc10 f   xapilib:bitmapa.obj
 0001:0001f874       _XQueryValue@20            0041fc14 f   xapilib:xqueryvalue.obj
 0001:0001f896       _XPhysicalAlloc@16         0041fc36 f   xapilib:physical.obj
 0001:0001f8d9       _XPhysicalAllocEx@20       0041fc79 f   xapilib:physical.obj
 0001:0001f906       _XPhysicalFree@4           0041fca6 f   xapilib:physical.obj
 0001:0001f90c       _XcSHAFinal@8              0041fcac f   xboxkrnl:xboxkrnl.exe
 0001:0001f912       _XcSHAUpdate@12            0041fcb2 f   xboxkrnl:xboxkrnl.exe
 0001:0001f918       _XcSHAInit@4               0041fcb8 f   xboxkrnl:xboxkrnl.exe
 0001:0001f91e       _XcHMAC@28                 0041fcbe f   xboxkrnl:xboxkrnl.exe
 0001:0001f924       _ExQueryNonVolatileSetting@20 0041fcc4 f   xboxkrnl:xboxkrnl.exe
 0001:0001f92a       _DbgPrint                  0041fcca f   xboxkrnl:xboxkrnl.exe
 0001:0001f930       _SDL_MouseInit             0041fcd0 f   libSDLx:SDL_mouse.obj
 0001:0001f950       _SDL_GetMouseState         0041fcf0 f   libSDLx:SDL_mouse.obj
 0001:0001f980       _SDL_GetRelativeMouseState 0041fd20 f   libSDLx:SDL_mouse.obj
 0001:0001fa10       _SDL_PrivateMouseMotion    0041fdb0 f   libSDLx:SDL_mouse.obj
 0001:0001fb90       _SDL_PrivateMouseButton    0041ff30 f   libSDLx:SDL_mouse.obj
 0001:0001fd10       _SDL_ResetMouse            004200b0 f   libSDLx:SDL_mouse.obj
 0001:0001fd60       _SDL_JoystickInit          00420100 f   libSDLx:SDL_joystick.obj
 0001:0001fdd0       _SDL_NumJoysticks          00420170 f   libSDLx:SDL_joystick.obj
 0001:0001fde0       _SDL_JoystickIndex         00420180 f   libSDLx:SDL_joystick.obj
 0001:0001fe10       _SDL_JoystickNumHats       004201b0 f   libSDLx:SDL_joystick.obj
 0001:0001fe40       _SDL_JoystickNumButtons    004201e0 f   libSDLx:SDL_joystick.obj
 0001:0001fe70       _SDL_JoystickGetAxis       00420210 f   libSDLx:SDL_joystick.obj
 0001:0001fec0       _SDL_JoystickGetHat        00420260 f   libSDLx:SDL_joystick.obj
 0001:0001ff10       _SDL_JoystickGetButton     004202b0 f   libSDLx:SDL_joystick.obj
 0001:0001ff60       _SDL_JoystickClose         00420300 f   libSDLx:SDL_joystick.obj
 0001:00020050       _SDL_JoystickQuit          004203f0 f   libSDLx:SDL_joystick.obj
 0001:00020090       _SDL_PrivateJoystickAxis   00420430 f   libSDLx:SDL_joystick.obj
 0001:00020100       _SDL_PrivateJoystickHat    004204a0 f   libSDLx:SDL_joystick.obj
 0001:00020170       _SDL_PrivateJoystickButton 00420510 f   libSDLx:SDL_joystick.obj
 0001:00020200       _SDL_JoystickUpdate        004205a0 f   libSDLx:SDL_joystick.obj
 0001:00020230       _SDL_JoystickOpen          004205d0 f   libSDLx:SDL_joystick.obj
 0001:00020410       _SDL_GetVideoInfo          004207b0 f   libSDLx:SDL_video.obj
 0001:00020420       _SDL_ListModes             004207c0 f   libSDLx:SDL_video.obj
 0001:00020450       _SDL_VideoModeOK           004207f0 f   libSDLx:SDL_video.obj
 0001:000208d0       _SDL_UpdateRects           00420c70 f   libSDLx:SDL_video.obj
 0001:00020b30       _SDL_WM_SetCaption         00420ed0 f   libSDLx:SDL_video.obj
 0001:00020c80       _SDL_WM_GrabInput          00421020 f   libSDLx:SDL_video.obj
 0001:00020d40       _SDL_Flip                  004210e0 f   libSDLx:SDL_video.obj
 0001:00021050       _SDL_SetPalette            004213f0 f   libSDLx:SDL_video.obj
 0001:00021180       _SDL_SetColors             00421520 f   libSDLx:SDL_video.obj
 0001:000211a0       _SDL_VideoQuit             00421540 f   libSDLx:SDL_video.obj
 0001:000212c0       _SDL_VideoInit             00421660 f   libSDLx:SDL_video.obj
 0001:000215c0       _SDL_SetVideoMode          00421960 f   libSDLx:SDL_video.obj
 0001:000219b0       _SDL_GetModState           00421d50 f   libSDLx:SDL_keyboard.obj
 0001:000219c0       _SDL_PrivateKeyboard       00421d60 f   libSDLx:SDL_keyboard.obj
 0001:00021c70       _SDL_CheckKeyRepeat        00422010 f   libSDLx:SDL_keyboard.obj
 0001:00021ce0       _SDL_KeyboardInit          00422080 f   libSDLx:SDL_keyboard.obj
 0001:00022640       _SDL_ResetKeyboard         004229e0 f   libSDLx:SDL_keyboard.obj
 0001:00022690       _SDL_Lock_EventThread      00422a30 f   libSDLx:SDL_events.obj
 0001:000226e0       _SDL_Unlock_EventThread    00422a80 f   libSDLx:SDL_events.obj
 0001:00022850       _SDL_StopEventLoop         00422bf0 f   libSDLx:SDL_events.obj
 0001:000228a0       _SDL_StartEventLoop        00422c40 f   libSDLx:SDL_events.obj
 0001:00022aa0       _SDL_PeepEvents            00422e40 f   libSDLx:SDL_events.obj
 0001:00022bc0       _SDL_PollEvent             00422f60 f   libSDLx:SDL_events.obj
 0001:00022c20       _SDL_WaitEvent             00422fc0 f   libSDLx:SDL_events.obj
 0001:00022c90       _SDL_PushEvent             00423030 f   libSDLx:SDL_events.obj
 0001:00022cb0       _SDL_EventState            00423050 f   libSDLx:SDL_events.obj
 0001:00022dd0       _SDL_WarpMouse             00423170 f   libSDLx:SDL_cursor.obj
 0001:00022e30       _SDL_CursorPaletteChanged  004231d0 f   libSDLx:SDL_cursor.obj
 0001:00022e40       _SDL_MouseRect             004231e0 f   libSDLx:SDL_cursor.obj
 0001:00023750       _SDL_DrawCursorNoLock      00423af0 f   libSDLx:SDL_cursor.obj
 0001:00023890       _SDL_DrawCursor            00423c30 f   libSDLx:SDL_cursor.obj
 0001:00023920       _SDL_EraseCursorNoLock     00423cc0 f   libSDLx:SDL_cursor.obj
 0001:00023a20       _SDL_EraseCursor           00423dc0 f   libSDLx:SDL_cursor.obj
 0001:00023ab0       _SDL_ResetCursor           00423e50 f   libSDLx:SDL_cursor.obj
 0001:00023b00       _SDL_SetCursor             00423ea0 f   libSDLx:SDL_cursor.obj
 0001:00023c70       _SDL_FreeCursor            00424010 f   libSDLx:SDL_cursor.obj
 0001:00023cf0       _SDL_ShowCursor            00424090 f   libSDLx:SDL_cursor.obj
 0001:00023d90       _SDL_MoveCursor            00424130 f   libSDLx:SDL_cursor.obj
 0001:00023e30       _SDL_CursorQuit            004241d0 f   libSDLx:SDL_cursor.obj
 0001:00023ea0       _SDL_CreateCursor          00424240 f   libSDLx:SDL_cursor.obj
 0001:00024050       _SDL_CursorInit            004243f0 f   libSDLx:SDL_cursor.obj
 0001:000240a0       _SDL_StartTicks            00424440 f   libSDLx:SDL_systimer.obj
 0001:000240c0       _SDL_GetTicks              00424460 f   libSDLx:SDL_systimer.obj
 0001:00024140       _SDL_Delay                 004244e0 f   libSDLx:SDL_systimer.obj
 0001:00024160       _SDL_SYS_TimerInit         00424500 f   libSDLx:SDL_systimer.obj
 0001:000241a0       _SDL_SYS_TimerQuit         00424540 f   libSDLx:SDL_systimer.obj
 0001:000241b0       _SDL_SYS_StartTimer        00424550 f   libSDLx:SDL_systimer.obj
 0001:00024260       _Mix_QuerySpec             00424600 f   libSDLx:mixer.obj
 0001:000242a0       _Mix_LoadWAV_RW            00424640 f   libSDLx:mixer.obj
 0001:00024530       _Mix_FreeChunk             004248d0 f   libSDLx:mixer.obj
 0001:00024590       _Mix_HookMusic             00424930 f   libSDLx:mixer.obj
 0001:000245d0       _Mix_ChannelFinished       00424970 f   libSDLx:mixer.obj
 0001:000245f0       _Mix_ReserveChannels       00424990 f   libSDLx:mixer.obj
 0001:00024660       _Mix_Volume                00424a00 f   libSDLx:mixer.obj
 0001:000246d0       _Mix_Playing               00424a70 f   libSDLx:mixer.obj
 0001:00024730       _Mix_GroupChannels         00424ad0 f   libSDLx:mixer.obj
 0001:00024790       _Mix_GroupAvailable        00424b30 f   libSDLx:mixer.obj
 0001:000247d0       _Mix_GroupOldest           00424b70 f   libSDLx:mixer.obj
 0001:000249a0       _Mix_RegisterEffect        00424d40 f   libSDLx:mixer.obj
 0001:00024a10       _Mix_UnregisterEffect      00424db0 f   libSDLx:mixer.obj
 0001:00024a70       _Mix_UnregisterAllEffects  00424e10 f   libSDLx:mixer.obj
 0001:00024e20       _Mix_PlayChannelTimed      004251c0 f   libSDLx:mixer.obj
 0001:00024f50       _Mix_HaltChannel           004252f0 f   libSDLx:mixer.obj
 0001:00025000       _Mix_CloseAudio            004253a0 f   libSDLx:mixer.obj
 0001:000250a0       _Mix_OpenAudio             00425440 f   libSDLx:mixer.obj
 0001:00027e10       _Mix_SetPosition           004281b0 f   libSDLx:effect_position.obj
 0001:00028050       _Mix_SetPanning            004283f0 f   libSDLx:effect_position.obj
 0001:00028380       _SDL_RWFromFP              00428720 f   libSDLx:SDL_rwops.obj
 0001:000283f0       _SDL_RWFromMem             00428790 f   libSDLx:SDL_rwops.obj
 0001:00028440       _SDL_RWFromFile            004287e0 f   libSDLx:SDL_rwops.obj
 0001:00028610       _SDL_GetErrorMsgUNICODE    004289b0 f   libSDLx:SDL_error.obj
 0001:00028860       _SDL_GetError              00428c00 f   libSDLx:SDL_error.obj
 0001:000288d0       _SDL_ClearError            00428c70 f   libSDLx:SDL_error.obj
 0001:000288e0       _SDL_SetError              00428c80 f   libSDLx:SDL_error.obj
 0001:00028a90       _SDL_Error                 00428e30 f   libSDLx:SDL_error.obj
 0001:00028b90       _SDL_SetClipRect           00428f30 f   libSDLx:SDL_surface.obj
 0001:00028bf0       _SDL_LowerBlit             00428f90 f   libSDLx:SDL_surface.obj
 0001:00028cf0       _SDL_UpperBlit             00429090 f   libSDLx:SDL_surface.obj
 0001:00028e90       _SDL_LockSurface           00429230 f   libSDLx:SDL_surface.obj
 0001:00028ef0       _SDL_UnlockSurface         00429290 f   libSDLx:SDL_surface.obj
 0001:00028f40       _SDL_FreeSurface           004292e0 f   libSDLx:SDL_surface.obj
 0001:00029000       _SDL_CreateRGBSurface      004293a0 f   libSDLx:SDL_surface.obj
 0001:000291f0       _SDL_FillRect              00429590 f   libSDLx:SDL_surface.obj
 0001:000295e0       _SDL_FreeFormat            00429980 f   libSDLx:SDL_pixels.obj
 0001:00029620       _SDL_DitherColors          004299c0 f   libSDLx:SDL_pixels.obj
 0001:00029690       _SDL_CalculatePitch        00429a30 f   libSDLx:SDL_pixels.obj
 0001:000296e0       _SDL_FindColor             00429a80 f   libSDLx:SDL_pixels.obj
 0001:00029770       _SDL_MapRGB                00429b10 f   libSDLx:SDL_pixels.obj
 0001:000297d0       _SDL_ApplyGamma            00429b70 f   libSDLx:SDL_pixels.obj
 0001:00029a90       _SDL_InvalidateMap         00429e30 f   libSDLx:SDL_pixels.obj
 0001:00029ac0       _SDL_MapSurface            00429e60 f   libSDLx:SDL_pixels.obj
 0001:00029c00       _SDL_FreeBlitMap           00429fa0 f   libSDLx:SDL_pixels.obj
 0001:00029c50       _SDL_AllocFormat           00429ff0 f   libSDLx:SDL_pixels.obj
 0001:00029ff0       _SDL_FormatChanged         0042a390 f   libSDLx:SDL_pixels.obj
 0001:0002a030       _SDL_AllocBlitMap          0042a3d0 f   libSDLx:SDL_pixels.obj
 0001:0002a0a0       _SDL_ReallocFormat         0042a440 f   libSDLx:SDL_pixels.obj
 0001:0002a130       _SDL_SaveBMP_RW            0042a4d0 f   libSDLx:SDL_bmp.obj
 0001:0002a4e0       _SDL_InitSubSystem         0042a880 f   libSDLx:SDL.obj
 0001:0002a5d0       _SDL_Init                  0042a970 f   libSDLx:SDL.obj
 0001:0002a600       _SDL_QuitSubSystem         0042a9a0 f   libSDLx:SDL.obj
 0001:0002a690       _SDL_Quit                  0042aa30 f   libSDLx:SDL.obj
 0001:0002b360       _SDL_SYS_JoystickInit      0042b700 f   libSDLx:SDL_sysjoystick.obj
 0001:0002b3a0       _SDL_SYS_JoystickOpen      0042b740 f   libSDLx:SDL_sysjoystick.obj
 0001:0002b580       _SDL_JoystickRumble        0042b920 f   libSDLx:SDL_sysjoystick.obj
 0001:0002b630       _SDL_SYS_JoystickClose     0042b9d0 f   libSDLx:SDL_sysjoystick.obj
 0001:0002b650       _XBInput_RefreshDeviceList 0042b9f0 f   libSDLx:SDL_sysjoystick.obj
 0001:0002b7b0       _SDL_SYS_JoystickUpdate    0042bb50 f   libSDLx:SDL_sysjoystick.obj
 0001:0002bd30       _SDL_CreateMutex           0042c0d0 f   libSDLx:SDL_sysmutex.obj
 0001:0002bd80       _SDL_DestroyMutex          0042c120 f   libSDLx:SDL_sysmutex.obj
 0001:0002bd80       _SDL_DestroySemaphore      0042c120 f   libSDLx:SDL_syssem.obj
 0001:0002bdb0       _SDL_mutexP                0042c150 f   libSDLx:SDL_sysmutex.obj
 0001:0002bdf0       _SDL_mutexV                0042c190 f   libSDLx:SDL_sysmutex.obj
 0001:0002be30       _SDL_PrivateResize         0042c1d0 f   libSDLx:SDL_resize.obj
 0001:0002bf20       _SDL_SYS_CreateThread      0042c2c0 f   libSDLx:SDL_systhread.obj
 0001:0002bf60       _SDL_ThreadID              0042c300 f   libSDLx:SDL_systhread.obj
 0001:0002bf70       _SDL_SYS_WaitThread        0042c310 f   libSDLx:SDL_systhread.obj
 0001:0002bf90       _SDL_SetTimerThreaded      0042c330 f   libSDLx:SDL_timer.obj
 0001:0002bfc0       _SDL_ThreadedTimerCheck    0042c360 f   libSDLx:SDL_timer.obj
 0001:0002c0c0       _SDL_AddTimer              0042c460 f   libSDLx:SDL_timer.obj
 0001:0002c1a0       _SDL_SetTimer              0042c540 f   libSDLx:SDL_timer.obj
 0001:0002c250       _SDL_TimerInit             0042c5f0 f   libSDLx:SDL_timer.obj
 0001:0002c2a0       _SDL_TimerQuit             0042c640 f   libSDLx:SDL_timer.obj
 0001:0002c460       _SDL_GetErrBuf             0042c800 f   libSDLx:SDL_thread.obj
 0001:0002c4d0       _SDL_RunThread             0042c870 f   libSDLx:SDL_thread.obj
 0001:0002c510       _SDL_CreateThread          0042c8b0 f   libSDLx:SDL_thread.obj
 0001:0002c5f0       _SDL_WaitThread            0042c990 f   libSDLx:SDL_thread.obj
 0001:0002c630       _SDL_LockYUV_SW            0042c9d0 f   libSDLx:SDL_yuv_sw.obj
 0001:0002c630       _putenv                    0042c9d0 f   xboxmissing.obj
 0001:0002c630       _SDL_QuitInit              0042c9d0 f   libSDLx:SDL_quit.obj
 0001:0002c640       _SDL_AppActiveInit         0042c9e0 f   libSDLx:SDL_active.obj
 0001:0002c790       _Mix_VolumeMusic           0042cb30 f   libSDLx:music.obj
 0001:0002c910       _close_music               0042ccb0 f   libSDLx:music.obj
 0001:0002c940       _open_music                0042cce0 f   libSDLx:music.obj
 0001:0002cd40       _music_mixer               0042d0e0 f   libSDLx:music.obj
 0001:0002d050       _SDL_ConvertMono           0042d3f0 f   libSDLx:SDL_audiocvt.obj
 0001:0002d2b0       _SDL_ConvertStereo         0042d650 f   libSDLx:SDL_audiocvt.obj
 0001:0002d340       _SDL_Convert16LSB          0042d6e0 f   libSDLx:SDL_audiocvt.obj
 0001:0002d3a0       _SDL_Convert16MSB          0042d740 f   libSDLx:SDL_audiocvt.obj
 0001:0002d400       _SDL_Convert8              0042d7a0 f   libSDLx:SDL_audiocvt.obj
 0001:0002d460       _SDL_ConvertSign           0042d800 f   libSDLx:SDL_audiocvt.obj
 0001:0002d4c0       _SDL_ConvertEndian         0042d860 f   libSDLx:SDL_audiocvt.obj
 0001:0002d510       _SDL_RateMUL2              0042d8b0 f   libSDLx:SDL_audiocvt.obj
 0001:0002d5a0       _SDL_RateDIV2              0042d940 f   libSDLx:SDL_audiocvt.obj
 0001:0002d630       _SDL_ConvertAudio          0042d9d0 f   libSDLx:SDL_audiocvt.obj
 0001:0002d670       _SDL_BuildAudioCVT         0042da10 f   libSDLx:SDL_audiocvt.obj
 0001:0002e370       _SDL_FreeWAV               0042e710 f   libSDLx:SDL_wave.obj
 0001:0002e3f0       _SDL_LoadWAV_RW            0042e790 f   libSDLx:SDL_wave.obj
 0001:0002e710       _Mix_LoadOGG_RW            0042eab0 f   libSDLx:load_ogg.obj
 0001:0002ee70       _Mix_LoadVOC_RW            0042f210 f   libSDLx:load_voc.obj
 0001:0002f0a0       _Mix_LoadAIFF_RW           0042f440 f   libSDLx:load_aiff.obj
 0001:0002f440       _SDL_ReadBE16              0042f7e0 f   libSDLx:SDL_endian.obj
 0001:0002f470       _SDL_ReadLE32              0042f810 f   libSDLx:SDL_endian.obj
 0001:0002f490       _SDL_ReadBE32              0042f830 f   libSDLx:SDL_endian.obj
 0001:0002f4d0       _SDL_WriteLE16             0042f870 f   libSDLx:SDL_endian.obj
 0001:0002f4f0       _SDL_WriteLE32             0042f890 f   libSDLx:SDL_endian.obj
 0001:0002f510       _SDL_RunAudio              0042f8b0 f   libSDLx:SDL_audio.obj
 0001:0002f700       _SDL_PauseAudio            0042faa0 f   libSDLx:SDL_audio.obj
 0001:0002f720       _SDL_LockAudio             0042fac0 f   libSDLx:SDL_audio.obj
 0001:0002f740       _SDL_UnlockAudio           0042fae0 f   libSDLx:SDL_audio.obj
 0001:0002f760       _SDL_CloseAudio            0042fb00 f   libSDLx:SDL_audio.obj
 0001:0002f770       _SDL_AudioQuit             0042fb10 f   libSDLx:SDL_audio.obj
 0001:0002f810       _SDL_CalculateAudioSpec    0042fbb0 f   libSDLx:SDL_audio.obj
 0001:0002f850       _SDL_AudioInit             0042fbf0 f   libSDLx:SDL_audio.obj
 0001:0002f980       _SDL_OpenAudio             0042fd20 f   libSDLx:SDL_audio.obj
 0001:0002fbf0       _SDL_MixAudio              0042ff90 f   libSDLx:SDL_mixer.obj
 0001:0002fde0       __Mix_InitEffects          00430180 f   libSDLx:effects_internal.obj
 0001:0002fdf0       __Eff_build_volume_table_u8 00430190 f   libSDLx:effects_internal.obj
 0001:0002fe80       __Eff_build_volume_table_s8 00430220 f   libSDLx:effects_internal.obj
 0001:00031150       _SDL_RLEBlit               004314f0 f   libSDLx:SDL_RLEaccel.obj
 0001:00032640       _SDL_RLEAlphaBlit          004329e0 f   libSDLx:SDL_RLEaccel.obj
 0001:00033a90       _SDL_UnRLESurface          00433e30 f   libSDLx:SDL_RLEaccel.obj
 0001:00033b70       _SDL_RLESurface            00433f10 f   libSDLx:SDL_RLEaccel.obj
 0001:00033ed0       _SDL_CalculateBlit         00434270 f   libSDLx:SDL_blit.obj
 0001:000340d0       _SDL_CDROMInit             00434470 f   libSDLx:SDL_cdrom.obj
 0001:00034100       _SDL_CDROMQuit             004344a0 f   libSDLx:SDL_cdrom.obj
 0001:00034110       _XBOX_InitOSKeymap         004344b0 f   libSDLx:SDL_xboxevents.obj
 0001:00034650       _XBInput_GetKeyboardInput  004349f0 f   libSDLx:SDL_xboxevents.obj
 0001:00034710       _Mouse_RefreshDeviceList   00434ab0 f   libSDLx:SDL_xboxevents.obj
 0001:00034910       _XBOX_PumpEvents           00434cb0 f   libSDLx:SDL_xboxevents.obj
 0001:00034920       _SDL_CreateSemaphore       00434cc0 f   libSDLx:SDL_syssem.obj
 0001:00034980       _SDL_SemWait               00434d20 f   libSDLx:SDL_syssem.obj
 0001:000349e0       _SDL_SemPost               00434d80 f   libSDLx:SDL_syssem.obj
 0001:000353a0       _Timidity_Init             00435740 f   libSDLx:timidity.obj
 0001:00036a00       _Timidity_SetVolume        00436da0 f   libSDLx:playmidi.obj
 0001:00036a90       _Timidity_Start            00436e30 f   libSDLx:playmidi.obj
 0001:00036b20       _Timidity_Active           00436ec0 f   libSDLx:playmidi.obj
 0001:00036b30       _Timidity_Stop             00436ed0 f   libSDLx:playmidi.obj
 0001:00036b40       _Timidity_Close            00436ee0 f   libSDLx:playmidi.obj
 0001:000374d0       _Timidity_PlaySome         00437870 f   libSDLx:playmidi.obj
 0001:00037ab0       _MikMod_strerror           00437e50 f   libSDLx:mmerror.obj
 0001:00037ad0       __mm_registerloader        00437e70 f   libSDLx:mloader.obj
 0001:00037b00       __mm_unregisterloaders     00437ea0 f   libSDLx:mloader.obj
 0001:00037b30       _ReadComment               00437ed0 f   libSDLx:mloader.obj
 0001:00037bb0       _AllocPositions            00437f50 f   libSDLx:mloader.obj
 0001:00037be0       _AllocPatterns             00437f80 f   libSDLx:mloader.obj
 0001:00037cb0       _AllocTracks               00438050 f   libSDLx:mloader.obj
 0001:00037cf0       _AllocInstruments          00438090 f   libSDLx:mloader.obj
 0001:00037d90       _AllocSamples              00438130 f   libSDLx:mloader.obj
 0001:00037e10       _DupStr                    004381b0 f   libSDLx:mloader.obj
 0001:00037ea0       _OGG_init                  00438240 f   libSDLx:music_ogg.obj
 0001:00037ee0       _OGG_setvolume             00438280 f   libSDLx:music_ogg.obj
 0001:00037ef0       _OGG_play                  00438290 f   libSDLx:music_ogg.obj
 0001:00037f00       _OGG_playing               004382a0 f   libSDLx:music_ogg.obj
 0001:00038060       _OGG_playAudio             00438400 f   libSDLx:music_ogg.obj
 0001:00038120       _OGG_stop                  004384c0 f   libSDLx:music_ogg.obj
 0001:00038130       _OGG_jump_to_time          004384d0 f   libSDLx:music_ogg.obj
 0001:00038150       _WAVStream_Init            004384f0 f   libSDLx:wavestream.obj
 0001:00038190       _WAVStream_SetVolume       00438530 f   libSDLx:wavestream.obj
 0001:000381a0       _WAVStream_Start           00438540 f   libSDLx:wavestream.obj
 0001:000381d0       _WAVStream_PlaySome        00438570 f   libSDLx:wavestream.obj
 0001:000382e0       _WAVStream_Stop            00438680 f   libSDLx:wavestream.obj
 0001:000382f0       _WAVStream_Active          00438690 f   libSDLx:wavestream.obj
 0001:00038400       _getlinearperiod           004387a0 f   libSDLx:mplayer.obj
 0001:00038780       _getfrequency              00438b20 f   libSDLx:mplayer.obj
 0001:00039e60       _pt_UpdateVoices           0043a200 f   libSDLx:mplayer.obj
 0001:0003a4a0       _pt_Notes                  0043a840 f   libSDLx:mplayer.obj
 0001:0003a920       _pt_NNA                    0043acc0 f   libSDLx:mplayer.obj
 0001:0003aab0       _pt_SetupVoices            0043ae50 f   libSDLx:mplayer.obj
 0001:0003ac20       _pt_EffectsPass2           0043afc0 f   libSDLx:mplayer.obj
 0001:0003add0       _Player_SetVolume          0043b170 f   libSDLx:mplayer.obj
 0001:0003ae40       _Player_Start              0043b1e0 f   libSDLx:mplayer.obj
 0001:0003aed0       _Player_Stop               0043b270 f   libSDLx:mplayer.obj
 0001:0003af20       _Player_Active             0043b2c0 f   libSDLx:mplayer.obj
 0001:0003af70       _Player_SetPosition        0043b310 f   libSDLx:mplayer.obj
 0001:0003bfb0       _pt_EffectsPass1           0043c350 f   libSDLx:mplayer.obj
 0001:0003c110       _Player_HandleTick         0043c4b0 f   libSDLx:mplayer.obj
 0001:0003c480       _MikMod_UnregisterAllDrivers 0043c820 f   libSDLx:mdreg.obj
 0001:0003c4b0       _MikMod_RegisterAllLoaders 0043c850 f   libSDLx:mlreg.obj
 0001:0003c500       _MikMod_UnregisterAllLoaders 0043c8a0 f   libSDLx:mlreg.obj
 0001:0003c530       __mm_unregisterdrivers     0043c8d0 f   libSDLx:mdriver.obj
 0001:0003c560       _MikMod_RegisterDriver     0043c900 f   libSDLx:mdriver.obj
 0001:0003c5c0       _Voice_SetVolume_internal  0043c960 f   libSDLx:mdriver.obj
 0001:0003c650       _Voice_SetFrequency_internal 0043c9f0 f   libSDLx:mdriver.obj
 0001:0003c6a0       _Voice_SetPanning_internal 0043ca40 f   libSDLx:mdriver.obj
 0001:0003c720       _Voice_Play_internal       0043cac0 f   libSDLx:mdriver.obj
 0001:0003c780       _Voice_Stop_internal       0043cb20 f   libSDLx:mdriver.obj
 0001:0003c7c0       _Voice_Stopped_internal    0043cb60 f   libSDLx:mdriver.obj
 0001:0003c7f0       _MikMod_EnableOutput       0043cb90 f   libSDLx:mdriver.obj
 0001:0003c850       _MikMod_DisableOutput_internal 0043cbf0 f   libSDLx:mdriver.obj
 0001:0003c870       _MikMod_Active             0043cc10 f   libSDLx:mdriver.obj
 0001:0003c8a0       _MikMod_Exit_internal      0043cc40 f   libSDLx:mdriver.obj
 0001:0003c920       _MikMod_Exit               0043ccc0 f   libSDLx:mdriver.obj
 0001:0003cab0       _MikMod_Init               0043ce50 f   libSDLx:mdriver.obj
 0001:0003cb20       _VC_Init                   0043cec0 f   libSDLx:virtch_common.obj
 0001:0003cb30       _VC_Exit                   0043ced0 f   libSDLx:virtch_common.obj
 0001:0003cb40       _VC_SetNumVoices           0043cee0 f   libSDLx:virtch_common.obj
 0001:0003cb50       _VC_SampleSpace            0043cef0 f   libSDLx:virtch_common.obj
 0001:0003cb60       _VC_SampleLength           0043cf00 f   libSDLx:virtch_common.obj
 0001:0003cb70       _VC_PlayStart              0043cf10 f   libSDLx:virtch_common.obj
 0001:0003cb80       _VC_PlayStop               0043cf20 f   libSDLx:virtch_common.obj
 0001:0003cb90       _VC_SampleLoad             0043cf30 f   libSDLx:virtch_common.obj
 0001:0003cba0       _VC_SampleUnload           0043cf40 f   libSDLx:virtch_common.obj
 0001:0003cbb0       _VC_WriteBytes             0043cf50 f   libSDLx:virtch_common.obj
 0001:0003cbc0       _VC_VoiceSetVolume         0043cf60 f   libSDLx:virtch_common.obj
 0001:0003cbd0       _VC_VoiceGetVolume         0043cf70 f   libSDLx:virtch_common.obj
 0001:0003cbe0       _VC_VoiceSetFrequency      0043cf80 f   libSDLx:virtch_common.obj
 0001:0003cbf0       _VC_VoiceGetFrequency      0043cf90 f   libSDLx:virtch_common.obj
 0001:0003cc00       _VC_VoiceSetPanning        0043cfa0 f   libSDLx:virtch_common.obj
 0001:0003cc10       _VC_VoiceGetPanning        0043cfb0 f   libSDLx:virtch_common.obj
 0001:0003cc20       _VC_VoicePlay              0043cfc0 f   libSDLx:virtch_common.obj
 0001:0003cc30       _VC_VoiceStop              0043cfd0 f   libSDLx:virtch_common.obj
 0001:0003cc40       _VC_VoiceStopped           0043cfe0 f   libSDLx:virtch_common.obj
 0001:0003cc50       _VC_VoiceGetPosition       0043cff0 f   libSDLx:virtch_common.obj
 0001:0003cc60       _VC_VoiceRealVolume        0043d000 f   libSDLx:virtch_common.obj
 0001:0003cc70       _VC_SetupPointers          0043d010 f   libSDLx:virtch_common.obj
 0001:0003ce40       _Mix_InitOgg               0043d1e0 f   libSDLx:dynamic_ogg.obj
 0001:0003cea0       _Mix_QuitOgg               0043d240 f   libSDLx:dynamic_ogg.obj
 0001:0003d660       _SDL_AllocAudioMem         0043da00 f   libSDLx:SDL_audiomem.obj
 0001:0003d670       _SDL_FreeAudioMem          0043da10 f   libSDLx:SDL_audiomem.obj
 0001:0003f440       _SDL_CalculateBlit1        0043f7e0 f   libSDLx:SDL_blit_1.obj
 0001:00043a80       _SDL_CalculateBlitN        00443e20 f   libSDLx:SDL_blit_N.obj
 0001:00044770       _SDL_CalculateBlit0        00444b10 f   libSDLx:SDL_blit_0.obj
 0001:000447f0       _SDL_SYS_CDQuit            00444b90 f   libSDLx:SDL_syscdrom.obj
 0001:00044ad0       _cddapause                 00444e70 f   libSDLx:SDL_syscdrom.obj
 0001:00044b40       _ReadSectorCDDA            00444ee0 f   libSDLx:SDL_syscdrom.obj
 0001:00044d00       _cddaprocess               004450a0 f   libSDLx:SDL_syscdrom.obj
 0001:00044f80       _cdrom_cdda_play           00445320 f   libSDLx:SDL_syscdrom.obj
 0001:00045090       _SDL_SYS_CDInit            00445430 f   libSDLx:SDL_syscdrom.obj
 0001:000452b0       _close_file                00445650 f   libSDLx:common.obj
 0001:000452c0       _skip                      00445660 f   libSDLx:common.obj
 0001:00045360       _safe_malloc               00445700 f   libSDLx:common.obj
 0001:000453c0       _add_to_pathlist           00445760 f   libSDLx:common.obj
 0001:00045440       _free_pathlist             004457e0 f   libSDLx:common.obj
 0001:00045480       _open_file                 00445820 f   libSDLx:common.obj
 0001:00045880       _convert_envelope_rate_attack 00445c20 f   libSDLx:instrum.obj
 0001:000458c0       _convert_envelope_rate     00445c60 f   libSDLx:instrum.obj
 0001:00045910       _convert_tremolo_sweep     00445cb0 f   libSDLx:instrum.obj
 0001:00045940       _convert_vibrato_sweep     00445ce0 f   libSDLx:instrum.obj
 0001:00046a60       _free_instruments          00446e00 f   libSDLx:instrum.obj
 0001:00046aa0       _set_default_instrument    00446e40 f   libSDLx:instrum.obj
 0001:00046d50       _load_missing_instruments  004470f0 f   libSDLx:instrum.obj
 0001:00046da0       _s32tos8                   00447140 f   libSDLx:output.obj
 0001:00046de0       _s32tou8                   00447180 f   libSDLx:output.obj
 0001:00046e20       _s32tos16                  004471c0 f   libSDLx:output.obj
 0001:00046e60       _s32tou16                  00447200 f   libSDLx:output.obj
 0001:00046eb0       _s32tos16x                 00447250 f   libSDLx:output.obj
 0001:00046f00       _s32tou16x                 004472a0 f   libSDLx:output.obj
 0001:00046f50       _recompute_envelope        004472f0 f   libSDLx:mix.obj
 0001:00047020       _apply_envelope_to_amp     004473c0 f   libSDLx:mix.obj
 0001:000482b0       _mix_voice                 00448650 f   libSDLx:mix.obj
 0001:00048440       __mm_malloc                004487e0 f   libSDLx:mmalloc.obj
 0001:00048470       __mm_calloc                00448810 f   libSDLx:mmalloc.obj
 0001:00048b70       _SL_Load                   00448f10 f   libSDLx:sloader.obj
 0001:00048ba0       _SL_Sample8to16            00448f40 f   libSDLx:sloader.obj
 0001:00048bd0       _SL_SampleSigned           00448f70 f   libSDLx:sloader.obj
 0001:00048c00       __mm_read_string           00448fa0 f   libSDLx:mmio.obj
 0001:00048c20       __mm_read_M_UWORD          00448fc0 f   libSDLx:mmio.obj
 0001:00048c40       __mm_read_I_UWORD          00448fe0 f   libSDLx:mmio.obj
 0001:00048c70       __mm_read_I_ULONG          00449010 f   libSDLx:mmio.obj
 0001:00048cb0       __mm_read_M_SWORDS         00449050 f   libSDLx:mmio.obj
 0001:00048d00       __mm_read_I_SWORDS         004490a0 f   libSDLx:mmio.obj
 0001:00048d00       __mm_read_I_UWORDS         004490a0 f   libSDLx:mmio.obj
 0001:00048d50       __mm_read_I_ULONGS         004490f0 f   libSDLx:mmio.obj
 0001:00048dc0       _UniSetRow                 00449160 f   libSDLx:munitrk.obj
 0001:00048e00       _UniGetByte                004491a0 f   libSDLx:munitrk.obj
 0001:00048e20       _UniGetWord                004491c0 f   libSDLx:munitrk.obj
 0001:00048e60       _UniSkipOpcode             00449200 f   libSDLx:munitrk.obj
 0001:00048ea0       _UniFindRow                00449240 f   libSDLx:munitrk.obj
 0001:00048ee0       _UniReset                  00449280 f   libSDLx:munitrk.obj
 0001:00048f00       _UniWriteByte              004492a0 f   libSDLx:munitrk.obj
 0001:00048f60       _UniWriteWord              00449300 f   libSDLx:munitrk.obj
 0001:00048fd0       _UniNewline                00449370 f   libSDLx:munitrk.obj
 0001:000490e0       _UniDup                    00449480 f   libSDLx:munitrk.obj
 0001:00049170       _XM_Test                   00449510 f   libSDLx:load_xm.obj
 0001:000491e0       _XM_Init                   00449580 f   libSDLx:load_xm.obj
 0001:00049200       _XM_Cleanup                004495a0 f   libSDLx:load_xm.obj
 0001:0004a2f0       _XM_Load                   0044a690 f   libSDLx:load_xm.obj
 0001:0004a910       _XM_LoadTitle              0044acb0 f   libSDLx:load_xm.obj
 0001:0004a970       _S3M_Test                  0044ad10 f   libSDLx:load_s3m.obj
 0001:0004a9b0       _S3M_Init                  0044ad50 f   libSDLx:load_s3m.obj
 0001:0004aa10       _S3M_Cleanup               0044adb0 f   libSDLx:load_s3m.obj
 0001:0004acf0       _S3M_Load                  0044b090 f   libSDLx:load_s3m.obj
 0001:0004b680       _S3M_LoadTitle             0044ba20 f   libSDLx:load_s3m.obj
 0001:0004c090       _IT_Test                   0044c430 f   libSDLx:load_it.obj
 0001:0004c0c0       _IT_Init                   0044c460 f   libSDLx:load_it.obj
 0001:0004c140       _IT_Cleanup                0044c4e0 f   libSDLx:load_it.obj
 0001:0004c950       _IT_Load                   0044ccf0 f   libSDLx:load_it.obj
 0001:0004dfd0       _IT_LoadTitle              0044e370 f   libSDLx:load_it.obj
 0001:0004f5c0       _VC1_SilenceBytes          0044f960 f   libSDLx:virtch.obj
 0001:0004f630       _VC1_Exit                  0044f9d0 f   libSDLx:virtch.obj
 0001:0004f690       _VC1_VoiceGetVolume        0044fa30 f   libSDLx:virtch.obj
 0001:0004f6b0       _VC1_VoiceGetPanning       0044fa50 f   libSDLx:virtch.obj
 0001:0004f6d0       _VC1_VoiceSetFrequency     0044fa70 f   libSDLx:virtch.obj
 0001:0004f6f0       _VC1_VoiceGetFrequency     0044fa90 f   libSDLx:virtch.obj
 0001:0004f710       _VC1_VoicePlay             0044fab0 f   libSDLx:virtch.obj
 0001:0004f760       _VC1_VoiceStop             0044fb00 f   libSDLx:virtch.obj
 0001:0004f780       _VC1_VoiceStopped          0044fb20 f   libSDLx:virtch.obj
 0001:0004f7a0       _VC1_VoiceGetPosition      0044fb40 f   libSDLx:virtch.obj
 0001:0004f7c0       _VC1_VoiceSetVolume        0044fb60 f   libSDLx:virtch.obj
 0001:0004f800       _VC1_VoiceSetPanning       0044fba0 f   libSDLx:virtch.obj
 0001:0004f840       _VC1_SampleUnload          0044fbe0 f   libSDLx:virtch.obj
 0001:0004f880       _VC1_SampleLoad            0044fc20 f   libSDLx:virtch.obj
 0001:0004fa60       _VC1_SampleSpace           0044fe00 f   libSDLx:virtch.obj
 0001:0004fa70       _VC2_SampleLength          0044fe10 f   libSDLx:virtch2.obj
 0001:0004fa70       _VC1_SampleLength          0044fe10 f   libSDLx:virtch.obj
 0001:0004fa90       _VC1_VoiceRealVolume       0044fe30 f   libSDLx:virtch.obj
 0001:0004fb20       _VC1_WriteSamples          0044fec0 f   libSDLx:virtch.obj
 0001:0004fdf0       _VC1_Init                  00450190 f   libSDLx:virtch.obj
 0001:0004fe80       _VC1_PlayStart             00450220 f   libSDLx:virtch.obj
 0001:000501a0       _VC1_PlayStop              00450540 f   libSDLx:virtch.obj
 0001:00050330       _VC1_SetNumVoices          004506d0 f   libSDLx:virtch.obj
 0001:000503b0       _VC1_WriteBytes            00450750 f   libSDLx:virtch.obj
 0001:00051c10       _VC2_SilenceBytes          00451fb0 f   libSDLx:virtch2.obj
 0001:00051c80       _VC2_Exit                  00452020 f   libSDLx:virtch2.obj
 0001:00051ce0       _VC2_VoiceGetVolume        00452080 f   libSDLx:virtch2.obj
 0001:00051d00       _VC2_VoiceGetPanning       004520a0 f   libSDLx:virtch2.obj
 0001:00051d20       _VC2_VoiceSetFrequency     004520c0 f   libSDLx:virtch2.obj
 0001:00051d40       _VC2_VoiceGetFrequency     004520e0 f   libSDLx:virtch2.obj
 0001:00051d60       _VC2_VoicePlay             00452100 f   libSDLx:virtch2.obj
 0001:00051db0       _VC2_VoiceStop             00452150 f   libSDLx:virtch2.obj
 0001:00051dd0       _VC2_VoiceStopped          00452170 f   libSDLx:virtch2.obj
 0001:00051df0       _VC2_VoiceGetPosition      00452190 f   libSDLx:virtch2.obj
 0001:00051e10       _VC2_VoiceSetVolume        004521b0 f   libSDLx:virtch2.obj
 0001:00051e50       _VC2_VoiceSetPanning       004521f0 f   libSDLx:virtch2.obj
 0001:00051e80       _VC2_SampleUnload          00452220 f   libSDLx:virtch2.obj
 0001:00051ec0       _VC2_SampleLoad            00452260 f   libSDLx:virtch2.obj
 0001:000520a0       _VC2_SampleSpace           00452440 f   libSDLx:virtch2.obj
 0001:000520b0       _VC2_VoiceRealVolume       00452450 f   libSDLx:virtch2.obj
 0001:00052140       _VC2_WriteSamples          004524e0 f   libSDLx:virtch2.obj
 0001:00052450       _VC2_Init                  004527f0 f   libSDLx:virtch2.obj
 0001:00052520       _VC2_PlayStart             004528c0 f   libSDLx:virtch2.obj
 0001:00052840       _VC2_PlayStop              00452be0 f   libSDLx:virtch2.obj
 0001:000529d0       _VC2_SetNumVoices          00452d70 f   libSDLx:virtch2.obj
 0001:00052a60       _VC2_WriteBytes            00452e00 f   libSDLx:virtch2.obj
 0001:00053800       _ov_clear                  00453ba0 f   libSDLx:vorbisfile.obj
 0001:00053900       _ov_pcm_total              00453ca0 f   libSDLx:vorbisfile.obj
 0001:00053970       _ov_time_total             00453d10 f   libSDLx:vorbisfile.obj
 0001:00053a00       _ov_raw_seek               00453da0 f   libSDLx:vorbisfile.obj
 0001:00053d40       _ov_pcm_seek_page          004540e0 f   libSDLx:vorbisfile.obj
 0001:00054450       _ov_pcm_seek               004547f0 f   libSDLx:vorbisfile.obj
 0001:000547b0       _ov_time_seek              00454b50 f   libSDLx:vorbisfile.obj
 0001:00054910       _ov_info                   00454cb0 f   libSDLx:vorbisfile.obj
 0001:00054950       _ov_read                   00454cf0 f   libSDLx:vorbisfile.obj
 0001:00054ef0       _ov_open_callbacks         00455290 f   libSDLx:vorbisfile.obj
 0001:00054f40       _ov_open                   004552e0 f   libSDLx:vorbisfile.obj
 0001:00058fc0       _SDL_CalculateAlphaBlit    00459360 f   libSDLx:SDL_blit_A.obj
 0001:000599e0       _resample_voice            00459d80 f   libSDLx:resample.obj
 0001:00059b20       _pre_resample              00459ec0 f   libSDLx:resample.obj
 0001:0005a4d0       _antialiasing              0045a870 f   libSDLx:filter.obj
 0001:0005a6d0       _AllocLinear               0045aa70 f   libSDLx:mlutil.obj
 0001:0005a710       _FreeLinear                0045aab0 f   libSDLx:mlutil.obj
 0001:0005a740       _speed_to_finetune         0045aae0 f   libSDLx:mlutil.obj
 0001:0005a820       _S3MIT_CreateOrders        0045abc0 f   libSDLx:mlutil.obj
 0001:0005a8e0       _UniEffect                 0045ac80 f   libSDLx:mlutil.obj
 0001:0005a930       _UniPTEffect               0045acd0 f   libSDLx:mlutil.obj
 0001:0005a990       _UniVolEffect              0045ad30 f   libSDLx:mlutil.obj
 0001:0005a9c0       _S3MIT_ProcessCmd          0045ad60 f   libSDLx:mlutil.obj
 0001:0005af10       _ogg_page_continued        0045b2b0 f   libSDLx:framing.obj
 0001:0005af20       _ogg_page_eos              0045b2c0 f   libSDLx:framing.obj
 0001:0005af30       _ogg_page_granulepos       0045b2d0 f   libSDLx:framing.obj
 0001:0005afc0       _ogg_page_serialno         0045b360 f   libSDLx:framing.obj
 0001:0005aff0       _ogg_stream_init           0045b390 f   libSDLx:framing.obj
 0001:0005b060       _ogg_stream_clear          0045b400 f   libSDLx:framing.obj
 0001:0005b0f0       _ogg_page_checksum_set     0045b490 f   libSDLx:framing.obj
 0001:0005b1a0       _ogg_sync_init             0045b540 f   libSDLx:framing.obj
 0001:0005b1d0       _ogg_sync_clear            0045b570 f   libSDLx:framing.obj
 0001:0005b210       _ogg_sync_buffer           0045b5b0 f   libSDLx:framing.obj
 0001:0005b290       _ogg_sync_wrote            0045b630 f   libSDLx:framing.obj
 0001:0005b2b0       _ogg_sync_pageseek         0045b650 f   libSDLx:framing.obj
 0001:0005b3f0       _ogg_stream_pagein         0045b790 f   libSDLx:framing.obj
 0001:0005b710       _ogg_sync_reset            0045bab0 f   libSDLx:framing.obj
 0001:0005b730       _ogg_stream_reset          0045bad0 f   libSDLx:framing.obj
 0001:0005b780       _ogg_stream_reset_serialno 0045bb20 f   libSDLx:framing.obj
 0001:0005b920       _ogg_stream_packetout      0045bcc0 f   libSDLx:framing.obj
 0001:0005b940       _ogg_stream_packetpeek     0045bce0 f   libSDLx:framing.obj
 0001:0005b960       _vorbis_comment_init       0045bd00 f   libSDLx:info.obj
 0001:0005b980       _vorbis_comment_clear      0045bd20 f   libSDLx:info.obj
 0001:0005b9f0       _vorbis_info_blocksize     0045bd90 f   libSDLx:info.obj
 0001:0005ba10       _vorbis_info_init          0045bdb0 f   libSDLx:info.obj
 0001:0005ba50       _vorbis_info_clear         0045bdf0 f   libSDLx:info.obj
 0001:0005c020       _vorbis_synthesis_headerin 0045c3c0 f   libSDLx:info.obj
 0001:0005c140       _vorbis_synthesis          0045c4e0 f   libSDLx:synthesis.obj
 0001:0005c290       _vorbis_synthesis_trackonly 0045c630 f   libSDLx:synthesis.obj
 0001:0005c360       _vorbis_packet_blocksize   0045c700 f   libSDLx:synthesis.obj
 0001:0005c3e0       _vorbis_block_init         0045c780 f   libSDLx:block.obj
 0001:0005c460       __vorbis_block_alloc       0045c800 f   libSDLx:block.obj
 0001:0005c4d0       __vorbis_block_ripcord     0045c870 f   libSDLx:block.obj
 0001:0005c540       _vorbis_block_clear        0045c8e0 f   libSDLx:block.obj
 0001:0005c990       _vorbis_dsp_clear          0045cd30 f   libSDLx:block.obj
 0001:0005cbd0       _vorbis_synthesis_restart  0045cf70 f   libSDLx:block.obj
 0001:0005cc40       _vorbis_synthesis_init     0045cfe0 f   libSDLx:block.obj
 0001:0005cc70       _vorbis_synthesis_blockin  0045d010 f   libSDLx:block.obj
 0001:0005d710       _vorbis_synthesis_pcmout   0045dab0 f   libSDLx:block.obj
 0001:0005d770       _vorbis_synthesis_read     0045db10 f   libSDLx:block.obj
 0001:0005d7a0       _oggpack_writeinit         0045db40 f   libSDLx:bitwise.obj
 0001:0005d7e0       _oggpack_write             0045db80 f   libSDLx:bitwise.obj
 0001:0005d8e0       _oggpack_writeclear        0045dc80 f   libSDLx:bitwise.obj
 0001:0005d910       _oggpack_readinit          0045dcb0 f   libSDLx:bitwise.obj
 0001:0005d940       _oggpack_look              0045dce0 f   libSDLx:bitwise.obj
 0001:0005d9e0       _oggpack_adv               0045dd80 f   libSDLx:bitwise.obj
 0001:0005da10       _oggpack_read              0045ddb0 f   libSDLx:bitwise.obj
 0001:0005dad0       __vp_global_free           0045de70 f   libSDLx:psy.obj
 0001:0005db00       __vi_psy_free              0045dea0 f   libSDLx:psy.obj
 0001:0005e820       __vp_psy_init              0045ebc0 f   libSDLx:psy.obj
 0001:0005ede0       __vp_psy_clear             0045f180 f   libSDLx:psy.obj
 0001:0005fd90       __vp_remove_floor          00460130 f   libSDLx:psy.obj
 0001:0005feb0       __vp_noisemask             00460250 f   libSDLx:psy.obj
[...]
 0001:0006f761       $L49629                    0046fb01 f i SDL_config:SDL_config.obj
 0001:00070970       _generate_rowbytes         00470d10 f   libSDLx:SDL_stretch.obj
 0001:00071196       _report_failure            00471536 f   LIBCMT:secchk.obj
 0001:00071b4b       __onexit_lk                00471eeb f   LIBCMT:onexit.obj
 0001:00072400       __unwind_handler           004727a0 f   LIBCMT:exsup.obj
 0001:00072d2e       _doexit                    004730ce f   LIBCMT:crt0dat.obj
 0001:00072fe0       _shortsort                 00473380 f   LIBCMT:qsort.obj
 0001:00073a7c       ?CatchGuardHandler@@YA?AW4_EXCEPTION_DISPOSITION@@PAUEHExceptionRecord@@PAUCatchGuardRN@@PAX2@Z 00473e1c f   LIBCMT:trnsctrl.obj
 0001:00073b7e       ?TranslatorGuardHandler@@YA?AW4_EXCEPTION_DISPOSITION@@PAUEHExceptionRecord@@PAUTranslatorGuardRN@@PAX2@Z 00473f1e f   LIBCMT:trnsctrl.obj
 0001:0007422c       __shift                    004745cc f   LIBCMT:cvt.obj
 0001:0007424f       __cftoe2                   004745ef f   LIBCMT:cvt.obj
 0001:00074356       __cftof2                   004746f6 f   LIBCMT:cvt.obj
 0001:00075b1f       _flsall                    00475ebf f   LIBCMT:fflush.obj
 0001:00076194       _write_char                00476534 f   LIBCMT:output.obj
 0001:000761c7       _write_multi_char          00476567 f   LIBCMT:output.obj
 0001:000761eb       _write_string              0047658b f   LIBCMT:output.obj
 0001:000770ee       _write_char                0047748e f   LIBCMT:woutput.obj
 0001:00077113       _write_multi_char          004774b3 f   LIBCMT:woutput.obj
 0001:00077138       _write_string              004774d8 f   LIBCMT:woutput.obj
 0001:00077f98       ?TypeMatch@@YAHPBU_s_HandlerType@@PBU_s_CatchableType@@PBU_s_ThrowInfo@@@Z 00478338 f   LIBCMT:frame.obj
 0001:0007800a       ?FrameUnwindFilter@@YAHPAU_EXCEPTION_POINTERS@@@Z 004783aa f   LIBCMT:frame.obj
 0001:0007813b       ?AdjustPointer@@YAPAXPAXABUPMD@@@Z 004784db f   LIBCMT:frame.obj
 0001:0007815a       ?CallCatchBlock@@YAPAXPAUEHExceptionRecord@@PAUEHRegistrationNode@@PAU_CONTEXT@@PBU_s_FuncInfo@@PAXHK@Z 004784fa f   LIBCMT:frame.obj
 0001:00078301       ?BuildCatchObject@@YAXPAUEHExceptionRecord@@PAXPBU_s_HandlerType@@PBU_s_CatchableType@@@Z 004786a1 f   LIBCMT:frame.obj
 0001:0007847d       ?CatchIt@@YAXPAUEHExceptionRecord@@PAUEHRegistrationNode@@PAU_CONTEXT@@PAXPBU_s_FuncInfo@@PBU_s_HandlerType@@PBU_s_CatchableType@@PBU_s_TryBlockMapEntry@@H1E@Z 0047881d f   LIBCMT:frame.obj
 0001:000784e4       ?FindHandlerForForeignException@@YAXPAUEHExceptionRecord@@PAUEHRegistrationNode@@PAU_CONTEXT@@PAXPBU_s_FuncInfo@@HH1@Z 00478884 f   LIBCMT:frame.obj
 0001:000785a2       ?FindHandler@@YAXPAUEHExceptionRecord@@PAUEHRegistrationNode@@PAU_CONTEXT@@PAXPBU_s_FuncInfo@@EH1@Z 00478942 f   LIBCMT:frame.obj
 0001:00078f1a       __abstract_cw              004792ba f   LIBCMT:ieee87.obj
 0001:00078fac       __hw_cw                    0047934c f   LIBCMT:ieee87.obj
 0001:00079162       ___crtInitCritSecNoSpinCount@8 00479502 f   LIBCMT:initcrit.obj
 0001:000793a7       __tsopen_lk                00479747 f   LIBCMT:open.obj
 0001:000797e3       _setSBCS                   00479b83 f   LIBCMT:mbctype.obj
 0001:0007987d       __setmbcp_lk               00479c1d f   LIBCMT:mbctype.obj
 0001:0007b653       _xtoa                      0047b9f3 f   LIBCMT:xtoa.obj
 0001:0007c190       __tzset_lk                 0047c530 f   LIBCMT:tzset.obj
 0001:0007c268       _cvtdate                   0047c608 f   LIBCMT:tzset.obj
 0001:0007c420       __isindst_lk               0047c7c0 f   LIBCMT:tzset.obj
 0001:0007c6d0       __ehhandler$?_Copy@?$basic_string@DU?$char_traits@D@std@@V?$allocator@D@2@@std@@IAEXII@Z 0047ca70 f   SDL_config:SDL_config.obj
 0001:0007c6e0       $L33114                    0047ca80 f   SDL_config:SDL_config.obj
 0001:0007c6e0       $L31891                    0047ca80 f   SDL_config:SDL_config.obj
 0001:0007c6e8       __ehhandler$??0logic_error@std@@QAE@ABV?$basic_string@DU?$char_traits@D@std@@V?$allocator@D@2@@1@@Z 0047ca88 f   SDL_config:SDL_config.obj
 0001:0007c6e8       __ehhandler$??0logic_error@std@@QAE@ABV01@@Z 0047ca88 f   SDL_config:SDL_config.obj
 0001:0007c700       $L34935                    0047caa0 f   SDL_config:SDL_config.obj
 0001:0007c700       $L35130                    0047caa0 f   SDL_config:SDL_config.obj
 0001:0007c711       __ehhandler$??$_Uninit_copy@PAV?$basic_string@DU?$char_traits@D@std@@V?$allocator@D@2@@std@@PAV12@V?$allocator@V?$basic_string@DU?$char_traits@D@std@@V?$allocator@D@2@@std@@@2@@std@@YAPAV?$basic_string@DU?$char_traits@D@std@@V?$allocator@D@2@@0@PAV10@00AAV?$allocator@V?$basic_string@DU?$char_traits@D@std@@V?$allocator@D@2@@std@@@0@U_Nonscalar_ptr_iterator_tag@0@@Z 0047cab1 f   SDL_config:SDL_config.obj
 0001:0007c711       __ehhandler$??$_Uninit_copy@Vconst_iterator@?$vector@V?$basic_string@DU?$char_traits@D@std@@V?$allocator@D@2@@std@@V?$allocator@V?$basic_string@DU?$char_traits@D@std@@V?$allocator@D@2@@std@@@2@@std@@PAV?$basic_string@DU?$char_traits@D@std@@V?$allocator@D@2@@3@V?$allocator@V?$basic_string@DU?$char_traits@D@std@@V?$allocator@D@2@@std@@@3@@std@@YAPAV?$basic_string@DU?$char_traits@D@std@@V?$allocator@D@2@@0@Vconst_iterator@?$vector@V?$basic_string@DU?$char_traits@D@std@@V?$allocator@D@2@@std@@V?$allocator@V?$basic_string@DU?$char_traits@D@std@@V?$allocator@D@2@@std@@@2@@0@0PAV10@AAV?$allocator@V?$basic_string@DU?$char_traits@D@std@@V?$allocator@D@2@@std@@@0@U_Nonscalar_ptr_iterator_tag@0@@Z 0047cab1 f   SDL_config:SDL_config.obj
 0001:0007c720       $L36299                    0047cac0 f   SDL_config:SDL_config.obj
 0001:0007c728       __ehhandler$?CFG_Internal_WriteValue@@YA?AViterator@?$_Tree@V?$_Tmap_traits@V?$basic_string@DU?$char_traits@D@std@@V?$allocator@D@2@@std@@UCFG_Internal_Entry@@U?$less@V?$basic_string@DU?$char_traits@D@std@@V?$allocator@D@2@@std@@@2@V?$allocator@U?$pair@$$CBV?$basic_string@DU?$char_traits@D@std@@V?$allocator@D@2@@std@@UCFG_Internal_Entry@@@std@@@2@$0A@@std@@@std@@PBDHPAH@Z 0047cac8 f   SDL_config:SDL_config.obj
 0001:0007c740       $L36523                    0047cae0 f   SDL_config:SDL_config.obj
 0001:0007c748       __ehhandler$?CFG_Internal_InsertPrefix@@YAXAAV?$basic_string@DU?$char_traits@D@std@@V?$allocator@D@2@@std@@H@Z 0047cae8 f   SDL_config:SDL_config.obj
 0001:0007c760       $L36752                    0047cb00 f   SDL_config:SDL_config.obj
 0001:0007c768       $L36753                    0047cb08 f   SDL_config:SDL_config.obj
 0001:0007c770       __ehhandler$?CFG_Internal_SaveEntry@@YAXPAUSDL_RWops@@PAUCFG_Internal_Entry@@ABV?$basic_string@DU?$char_traits@D@std@@V?$allocator@D@2@@std@@HH@Z 0047cb10 f   SDL_config:SDL_config.obj
 0001:0007c780       $L43735                    0047cb20 f   SDL_config:SDL_config.obj
 0001:0007c791       __ehhandler$??$_Uninit_fill_n@PAV?$basic_string@DU?$char_traits@D@std@@V?$allocator@D@2@@std@@IV12@V?$allocator@V?$basic_string@DU?$char_traits@D@std@@V?$allocator@D@2@@std@@@2@@std@@YAXPAV?$basic_string@DU?$char_traits@D@std@@V?$allocator@D@2@@0@IABV10@AAV?$allocator@V?$basic_string@DU?$char_traits@D@std@@V?$allocator@D@2@@std@@@0@U_Nonscalar_ptr_iterator_tag@0@@Z 0047cb31 f   SDL_config:SDL_config.obj
 0001:0007c7a0       __ehhandler$??0?$vector@V?$basic_string@DU?$char_traits@D@std@@V?$allocator@D@2@@std@@V?$allocator@V?$basic_string@DU?$char_traits@D@std@@V?$allocator@D@2@@std@@@2@@std@@QAE@ABV01@@Z 0047cb40 f   SDL_config:SDL_config.obj
 0001:0007c7b0       $L44623                    0047cb50 f   SDL_config:SDL_config.obj
 0001:0007c7b8       __ehhandler$?_Insert_n@?$vector@V?$basic_string@DU?$char_traits@D@std@@V?$allocator@D@2@@std@@V?$allocator@V?$basic_string@DU?$char_traits@D@std@@V?$allocator@D@2@@std@@@2@@std@@IAEXViterator@12@IABV?$basic_string@DU?$char_traits@D@std@@V?$allocator@D@2@@2@@Z 0047cb58 f   SDL_config:SDL_config.obj
 0001:0007c7d0       $L45541                    0047cb70 f   SDL_config:SDL_config.obj
 0001:0007c7d8       $L45542                    0047cb78 f   SDL_config:SDL_config.obj
 0001:0007c7e3       __ehhandler$??0CFG_Internal_Entry@@QAE@ABU0@@Z 0047cb83 f   SDL_config:SDL_config.obj
 0001:0007c7f0       $L47245                    0047cb90 f   SDL_config:SDL_config.obj
 0001:0007c7f8       $L47246                    0047cb98 f   SDL_config:SDL_config.obj
 0001:0007c800       __ehhandler$?CFG_Internal_SaveGroup@@YAXPAUCFG_Internal_Group@@PAUSDL_RWops@@ABV?$basic_string@DU?$char_traits@D@std@@V?$allocator@D@2@@std@@HH@Z 0047cba0 f   SDL_config:SDL_config.obj
 0001:0007c810       $L48727                    0047cbb0 f   SDL_config:SDL_config.obj
 0001:0007c818       $L48728                    0047cbb8 f   SDL_config:SDL_config.obj
 0001:0007c820       __ehhandler$?CFG_Internal_SaveFile@@YAHPAUSDL_RWops@@HHPBD@Z 0047cbc0 f   SDL_config:SDL_config.obj
 0001:0007c830       $L49605                    0047cbd0 f   SDL_config:SDL_config.obj
 0001:0007c838       __ehhandler$??$make_pair@PBDUCFG_Internal_Entry@@@std@@YA?AU?$pair@PBDUCFG_Internal_Entry@@@0@PBDUCFG_Internal_Entry@@@Z 0047cbd8 f   SDL_config:SDL_config.obj
 0001:0007c850       $L49630                    0047cbf0 f   SDL_config:SDL_config.obj
 0001:0007c861       __ehhandler$?_Buynode@?$_Tree@V?$_Tmap_traits@V?$basic_string@DU?$char_traits@D@std@@V?$allocator@D@2@@std@@UCFG_Internal_Entry@@U?$less@V?$basic_string@DU?$char_traits@D@std@@V?$allocator@D@2@@std@@@2@V?$allocator@U?$pair@$$CBV?$basic_string@DU?$char_traits@D@std@@V?$allocator@D@2@@std@@UCFG_Internal_Entry@@@std@@@2@$0A@@std@@@std@@IAEPAU_Node@?$_Tree_nod@V?$_Tmap_traits@V?$basic_string@DU?$char_traits@D@std@@V?$allocator@D@2@@std@@UCFG_Internal_Entry@@U?$less@V?$basic_string@DU?$char_traits@D@std@@V?$allocator@D@2@@std@@@2@V?$allocator@U?$pair@$$CBV?$basic_string@DU?$char_traits@D@std@@V?$allocator@D@2@@std@@UCFG_Internal_Entry@@@std@@@2@$0A@@std@@@2@PAU342@00ABU?$pair@$$CBV?$basic_string@DU?$char_traits@D@std@@V?$allocator@D@2@@std@@UCFG_Internal_Entry@@@2@D@Z 0047cc01 f   SDL_config:SDL_config.obj
 0001:0007c870       $L46703                    0047cc10 f   SDL_config:SDL_config.obj
 0001:0007c870       $L55428                    0047cc10 f   SDL_config:SDL_config.obj
 0001:0007c870       $L46909                    0047cc10 f   SDL_config:SDL_config.obj
 0001:0007c878       __ehhandler$??$?0PBDUCFG_Internal_Entry@@@?$pair@$$CBV?$basic_string@DU?$char_traits@D@std@@V?$allocator@D@2@@std@@UCFG_Internal_Entry@@@std@@QAE@ABU?$pair@PBDUCFG_Internal_Entry@@@1@@Z 0047cc18 f   SDL_config:SDL_config.obj
 0001:0007c878       __ehhandler$??0?$pair@$$CBV?$basic_string@DU?$char_traits@D@std@@V?$allocator@D@2@@std@@UCFG_Internal_Entry@@@std@@QAE@ABU01@@Z 0047cc18 f   SDL_config:SDL_config.obj
 0001:0007c878       __ehhandler$??1?$pair@$$CBV?$basic_string@DU?$char_traits@D@std@@V?$allocator@D@2@@std@@UCFG_Internal_Group@@@std@@QAE@XZ 0047cc18 f   SDL_config:SDL_config.obj
 0001:0007c890       $L33724                    0047cc30 f   SDL_config:SDL_config.obj
 0001:0007c890       $L33223                    0047cc30 f   SDL_config:SDL_config.obj
 0001:0007c890       $L32740                    0047cc30 f   SDL_config:SDL_config.obj
 0001:0007c890       $L49667                    0047cc30 f   SDL_config:SDL_config.obj
 0001:0007c890       $L56814                    0047cc30 f   SDL_config:SDL_config.obj
 0001:0007c890       $L50384                    0047cc30 f   SDL_config:SDL_config.obj
 0001:0007c890       $L34223                    0047cc30 f   SDL_config:SDL_config.obj
 0001:0007c890       $L33599                    0047cc30 f   SDL_config:SDL_config.obj
 0001:0007c898       __ehhandler$?erase@?$_Tree@V?$_Tmap_traits@V?$basic_string@DU?$char_traits@D@std@@V?$allocator@D@2@@std@@UCFG_Internal_Entry@@U?$less@V?$basic_string@DU?$char_traits@D@std@@V?$allocator@D@2@@std@@@2@V?$allocator@U?$pair@$$CBV?$basic_string@DU?$char_traits@D@std@@V?$allocator@D@2@@std@@UCFG_Internal_Entry@@@std@@@2@$0A@@std@@@std@@QAE?AViterator@12@V312@@Z 0047cc38 f   SDL_config:SDL_config.obj
 0001:0007c898       __ehhandler$?_Insert@?$_Tree@V?$_Tmap_traits@V?$basic_string@DU?$char_traits@D@std@@V?$allocator@D@2@@std@@UCFG_Internal_Entry@@U?$less@V?$basic_string@DU?$char_traits@D@std@@V?$allocator@D@2@@std@@@2@V?$allocator@U?$pair@$$CBV?$basic_string@DU?$char_traits@D@std@@V?$allocator@D@2@@std@@UCFG_Internal_Entry@@@std@@@2@$0A@@std@@@std@@IAE?AViterator@12@_NPAU_Node@?$_Tree_nod@V?$_Tmap_traits@V?$basic_string@DU?$char_traits@D@std@@V?$allocator@D@2@@std@@UCFG_Internal_Entry@@U?$less@V?$basic_string@DU?$char_traits@D@std@@V?$allocator@D@2@@std@@@2@V?$allocator@U?$pair@$$CBV?$basic_string@DU?$char_traits@D@std@@V?$allocator@D@2@@std@@UCFG_Internal_Entry@@@std@@@2@$0A@@std@@@2@ABU?$pair@$$CBV?$basic_string@DU?$char_traits@D@std@@V?$allocator@D@2@@std@@UCFG_Internal_Entry@@@2@@Z 0047cc38 f   SDL_config:SDL_config.obj
 0001:0007c898       __ehhandler$?erase@?$_Tree@V?$_Tmap_traits@V?$basic_string@DU?$char_traits@D@std@@V?$allocator@D@2@@std@@UCFG_Internal_Group@@U?$less@V?$basic_string@DU?$char_traits@D@std@@V?$allocator@D@2@@std@@@2@V?$allocator@U?$pair@$$CBV?$basic_string@DU?$char_traits@D@std@@V?$allocator@D@2@@std@@UCFG_Internal_Group@@@std@@@2@$0A@@std@@@std@@QAE?AViterator@12@V312@@Z 0047cc38 f   SDL_config:SDL_config.obj
 0001:0007c898       __ehhandler$?_Insert@?$_Tree@V?$_Tmap_traits@PAUCFG_Internal_Group@@PAV?$basic_string@DU?$char_traits@D@std@@V?$allocator@D@2@@std@@U?$less@UCFG_Internal_Group@@@3@V?$allocator@U?$pair@QAUCFG_Internal_Group@@PAV?$basic_string@DU?$char_traits@D@std@@V?$allocator@D@2@@std@@@std@@@3@$0A@@std@@@std@@IAE?AViterator@12@_NPAU_Node@?$_Tree_nod@V?$_Tmap_traits@PAUCFG_Internal_Group@@PAV?$basic_string@DU?$char_traits@D@std@@V?$allocator@D@2@@std@@U?$less@UCFG_Internal_Group@@@3@V?$allocator@U?$pair@QAUCFG_Internal_Group@@PAV?$basic_string@DU?$char_traits@D@std@@V?$allocator@D@2@@std@@@std@@@3@$0A@@std@@@2@ABU?$pair@QAUCFG_Internal_Group@@PAV?$basic_string@DU?$char_traits@D@std@@V?$allocator@D@2@@std@@@2@@Z 0047cc38 f   SDL_config:SDL_config.obj
 0001:0007c898       __ehhandler$?erase@?$_Tree@V?$_Tmap_traits@PAUCFG_Internal_Entry@@PAV?$basic_string@DU?$char_traits@D@std@@V?$allocator@D@2@@std@@U?$less@UCFG_Internal_Entry@@@3@V?$allocator@U?$pair@QAUCFG_Internal_Entry@@PAV?$basic_string@DU?$char_traits@D@std@@V?$allocator@D@2@@std@@@std@@@3@$0A@@std@@@std@@QAE?AViterator@12@V312@@Z 0047cc38 f   SDL_config:SDL_config.obj
 0001:0007c898       __ehhandler$?_Insert@?$_Tree@V?$_Tmap_traits@PAUCFG_Internal_Entry@@PAV?$basic_string@DU?$char_traits@D@std@@V?$allocator@D@2@@std@@U?$less@UCFG_Internal_Entry@@@3@V?$allocator@U?$pair@QAUCFG_Internal_Entry@@PAV?$basic_string@DU?$char_traits@D@std@@V?$allocator@D@2@@std@@@std@@@3@$0A@@std@@@std@@IAE?AViterator@12@_NPAU_Node@?$_Tree_nod@V?$_Tmap_traits@PAUCFG_Internal_Entry@@PAV?$basic_string@DU?$char_traits@D@std@@V?$allocator@D@2@@std@@U?$less@UCFG_Internal_Entry@@@3@V?$allocator@U?$pair@QAUCFG_Internal_Entry@@PAV?$basic_string@DU?$char_traits@D@std@@V?$allocator@D@2@@std@@@std@@@3@$0A@@std@@@2@ABU?$pair@QAUCFG_Internal_Entry@@PAV?$basic_string@DU?$char_traits@D@std@@V?$allocator@D@2@@std@@@2@@Z 0047cc38 f   SDL_config:SDL_config.obj
 0001:0007c898       __ehhandler$?_Xlen@?$vector@V?$basic_string@DU?$char_traits@D@std@@V?$allocator@D@2@@std@@V?$allocator@V?$basic_string@DU?$char_traits@D@std@@V?$allocator@D@2@@std@@@2@@std@@IBEXXZ 0047cc38 f   SDL_config:SDL_config.obj
 0001:0007c898       __ehhandler$?erase@?$_Tree@V?$_Tmap_traits@PAUCFG_Internal_Group@@PAV?$basic_string@DU?$char_traits@D@std@@V?$allocator@D@2@@std@@U?$less@UCFG_Internal_Group@@@3@V?$allocator@U?$pair@QAUCFG_Internal_Group@@PAV?$basic_string@DU?$char_traits@D@std@@V?$allocator@D@2@@std@@@std@@@3@$0A@@std@@@std@@QAE?AViterator@12@V312@@Z 0047cc38 f   SDL_config:SDL_config.obj
 0001:0007c8b0       $L60180                    0047cc50 f   SDL_config:SDL_config.obj
 0001:0007c8b8       __ehhandler$??1CFG_Internal_File@@QAE@XZ 0047cc58 f   SDL_config:SDL_config.obj
 0001:0007c8c2       $L11407                    0047cc62 f   libcpmt:string.obj
 0001:0007c8c2       $L11202                    0047cc62 f   libcpmt:string.obj
 0001:0007c8ca       __ehhandler$?_Xlen@_String_base@std@@QBEXXZ 0047cc6a f   libcpmt:string.obj
 0001:0007c8ca       __ehhandler$?_Xran@_String_base@std@@QBEXXZ 0047cc6a f   libcpmt:string.obj
 0001:0007c8e0       _$E1                       0047cc80 f   libSmpegX:mpeglayer3.obj
 0001:0007c900       _$E3                       0047cca0 f   libSmpegX:mpeglayer3.obj
 0001:0007c920       _$E1                       0047ccc0 f   SDL_config:SDL_config.obj
 0001:0007c930       _$E4                       0047ccd0 f   SDL_config:SDL_config.obj
 0001:0007c93c       _$E1                       0047ccdc f   libcpmt:xlock.obj
 0001:0007c952       _$E1                       0047ccf2 f   libcpmt:locale0.obj
 0001:0007c95e       _$E1                       0047ccfe f   libcpmt:iosptrs.obj
 0001:0007c974       _$E4                       0047cd14 f   libcpmt:iosptrs.obj
 0001:0007c980       _$E2                       0047cd20 f   SDL_config:SDL_config.obj
 0001:0007c9b0       _$E5                       0047cd50 f   SDL_config:SDL_config.obj
 0001:0007c9de       _$E2                       0047cd7e f   libcpmt:xlock.obj
 0001:0007c9e8       _$E2                       0047cd88 f   libcpmt:locale0.obj
 0001:0007c9f2       _$E2                       0047cd92 f   libcpmt:iosptrs.obj
 0001:0007c9fc       _$E5                       0047cd9c f   libcpmt:iosptrs.obj
 0002:00003940       ?FindFence@D3D@@YGPAUFence@1@K@Z 00480700 f   d3d8:pusher.obj
 0002:00007cc0       ?GetColorMaterial@D3D@@YGKXZ 00484a80 f   d3d8:lazy.obj
 0002:000089e0       ?SetLightColors@D3D@@YGPCKPCKPBULight@1@KK@Z 004857a0 f   d3d8:lazy.obj
 0002:00008ad0       ?SetSceneAmbientAndMaterialEmission@D3D@@YGPCKPCKK@Z 00485890 f   d3d8:lazy.obj
 0002:00008c90       ?SetSpecularParameters@D3D@@YGPCKPCK@Z 00485a50 f   d3d8:lazy.obj
 0002:0000ad10       ?CombinerInput@D3D@@YGKKKK@Z 00487ad0 f   d3d8:combiner.obj
 0002:0000b590       ?SwapSaveState@D3D@@YGXPAUSwapSavedState@1@@Z 00488350 f   d3d8:present.obj
 0002:0000b670       ?SwapFirstFlip@D3D@@YGXPAVCDevice@1@@Z 00488430 f   d3d8:present.obj
 0002:0000b790       ?SwapSetState@D3D@@YGXPAUSwapSavedState@1@@Z 00488550 f   d3d8:present.obj
 0002:0000b8b0       ?SwapRestoreState@D3D@@YGXPAUSwapSavedState@1@@Z 00488670 f   d3d8:present.obj
 0002:0000ba30       ?SwapSaveSurfaces@D3D@@YGXPAVCDevice@1@@Z 004887f0 f   d3d8:present.obj
 0002:0000bac0       ?SwapRestoreSurfaces@D3D@@YGXPAVCDevice@1@@Z 00488880 f   d3d8:present.obj
 0002:0000bb30       ?SwapCopyBlt@D3D@@YGXPAVCDevice@1@@Z 004888f0 f   d3d8:present.obj
 0002:0000bcb0       ?SwapCopy@D3D@@YGXPAVCDevice@1@K@Z 00488a70 f   d3d8:present.obj
 0002:0000bea0       ?SwapFlip@D3D@@YGXPAVCDevice@1@@Z 00488c60 f   d3d8:present.obj
 0002:0000bfb0       ?SwapFinish@D3D@@YGXPAVCDevice@1@@Z 00488d70 f   d3d8:present.obj
 0003:0000001f       ??2@YAPAXI@Z               0048e93f f   dsound:dsapi.obj
 0003:000000eb       ?FloatToLong@Math@DirectSound@@YGJM@Z 0048ea0b f   dsound:dsapi.obj
 0003:000000eb       ?FloatToLong@Math@DirectSound@@YGJM@Z 0048ea0b f   dsound:dsapi.obj
 0003:0000013d       ?lsb@Math@DirectSound@@YIII@Z 0048ea5d f   dsound:dsapi.obj
 0003:00001fe1       _$E1                       00490901 f   dsound:dscommon.obj
 0003:00001fec       _$E3                       0049090c f   dsound:dscommon.obj
 0003:000032db       _$E1                       00491bfb f   dsound:heap.obj
 0003:000032e6       _$E3                       00491c06 f   dsound:heap.obj
 0003:000032f1       ?and@@YIXPCGG@Z            00491c11 f   dsound:mcpvoice.obj
 0003:000032f1       ?and@@YIXPCGG@Z            00491c11 f   dsound:mcpvoice.obj
 0003:000032f5       ?or@@YIXPCGG@Z             00491c15 f   dsound:mcpvoice.obj
 0003:000032f5       ?or@@YIXPCGG@Z             00491c15 f   dsound:mcpvoice.obj
 0003:00005682       ?mBToLinear@@YGMJ@Z        00493fa2 f   dsound:i3dl2.obj
